08-18 20:23:19.465  1519  1548 V WindowManager: performShowLocked: mDrawState=HAS_DRAWN in Window{5d94bb5 u0 Toast}
08-18 20:23:19.511   950   950 D SurfaceFlinger:      DEVICE | 0xb4000074aa938000 | 0102 | RGBA_8888    |    0.0    0.0 1080.0 2340.0 |    0    0 1080 2340 | com.sdrradio.app/com.sdrradio.app.MainActivity$_17587#40772
08-18 20:23:19.511   950   950 D SurfaceFlinger:      DEVICE | 0xb4000074ce4e3600 | 0100 | RGBA_8888    |    0.0    0.0  822.0  116.0 |  129 2017  951 2133 | Toast$_2053#40804
08-18 20:23:19.511   950   950 D SurfaceFlinger:      DEVICE | 0xb4000074ab26c500 | 0100 | RGBA_8888    |    0.0    0.0  822.0  116.0 |  129 2017  951 2133 | Toast$_2053#40810
08-18 20:23:19.676 16299 16475 I [-0300]oneconnect[1.8.34.21_01][CORE]: DataConvert.parseBleVd - deviceBle : |name:|deviceType:TV|discoverType:_BLE|services:None|connected:false[TvStatusString]POWER_OFF[TvStatus]-128[TvService]102[TvMirrorChannel]1[TvRegisteredDB][-40, -1, -56, -119, 87, 0][TvYear]2016[TvOcfInfo]0[TvAcmStatus]0[ExTvStatus]0[ExtendedStatus]-1[ModuloSn]-1
08-18 20:23:19.921  1519  1548 I WindowManager: Reparenting to original parent: Surface(name=WindowToken{8b634a9 type=2005 android.os.Binder@ad29030})/@0x698778c, destroy=true, surface=Surface(name=858c563 Toast)/@0x88854bf
08-18 20:23:19.938  1519  1548 I WindowManager: Destroying surface Surface(name=Toast$_2053)/@0x6ed16f2 called by com.android.server.wm.WindowStateAnimator.destroySurface:799 com.android.server.wm.WindowStateAnimator.destroySurfaceLocked:472 com.android.server.wm.WindowState.removeImmediately:2937 com.android.server.wm.WindowState.handleCompleteDeferredRemoval:5780 com.android.server.wm.WindowContainer.handleCompleteDeferredRemoval:1476 com.android.server.wm.WindowContainer.handleCompleteDeferredRemoval:1476 com.android.server.wm.WindowContainer.handleCompleteDeferredRemoval:1476 com.android.server.wm.WindowContainer.handleCompleteDeferredRemoval:1476 
08-18 20:23:19.947   950   950 D SurfaceFlinger:      DEVICE | 0xb4000074aa938000 | 0102 | RGBA_8888    |    0.0    0.0 1080.0 2340.0 |    0    0 1080 2340 | com.sdrradio.app/com.sdrradio.app.MainActivity$_17587#40772
08-18 20:23:19.947   950   950 D SurfaceFlinger:      DEVICE | 0xb4000074ab26c500 | 0100 | RGBA_8888    |    0.0    0.0  822.0  116.0 |  129 2017  951 2133 | Toast$_2053#40810
08-18 20:23:19.954   950   950 I Layer   : id=40803 removeFromCurrentState 858c563 Toast#40803 (227)
08-18 20:23:19.954   950   950 I Layer   : id=40804 removeFromCurrentState Toast$_2053#40804 (227)
08-18 20:23:19.954   950   950 I Layer   : id=40808 removeFromCurrentState Surface(name=858c563 Toast)/@0x88854bf - animation-leash of window_animation#40808 (227)
08-18 20:23:19.954   950   950 I Layer   : Layer [Toast$_2053#40804] hidden!! flag(1)
08-18 20:23:19.954   950   950 I Layer   : id=40804 removeFromCurrentState Toast$_2053#40804 (227)
08-18 20:23:19.955   950   950 I SurfaceFlinger: id=40804 Removed Toast$_2053#40804 (227)
08-18 20:23:19.955   950   950 I SurfaceFlinger: id=40808 Removed Surface(name=858c563 Toast)/@0x88854bf - animation-leash of window_animation#40808 (227)
08-18 20:23:19.955   950   950 I SurfaceFlinger: id=40803 Removed 858c563 Toast#40803 (227)
08-18 20:23:19.971   950   950 I BufferQueueDebug: [Surface(name=858c563 Toast)/@0x88854bf - animation-leash of window_animation#40808](this:0xb4000074aa4caba0,id:-1,api:0,p:-1,c:950) onDestructor()
08-18 20:23:19.971  1519  1548 I WindowManager: Reparenting to original parent: Surface(name=WindowToken{8947265 type=2005 android.os.Binder@5087f5c})/@0x29fee31, destroy=true, surface=Surface(name=5d94bb5 Toast)/@0x4a09ad8
08-18 20:23:19.972   950   950 I Layer   : id=40808 Destroyed Surface(name=858c563 Toast)/@0x88854bf - animation-leash of window_animation#40808
08-18 20:23:19.972   950   950 I BufferQueueDebug: [858c563 Toast#40803](this:0xb4000074aa690ba0,id:-1,api:0,p:-1,c:950) onDestructor()
08-18 20:23:19.972   950   950 I Layer   : id=40803 Destroyed 858c563 Toast#40803
08-18 20:23:19.972   950   950 I BufferQueueDebug: [Toast$_2053#40804](this:0xb4000074aa693ba0,id:-1,api:0,p:-1,c:950) onDestructor()
08-18 20:23:19.972   950   950 I Layer   : id=40804 Destroyed Toast$_2053#40804
08-18 20:23:19.987   950   950 I Layer   : id=40811 removeFromCurrentState Surface(name=5d94bb5 Toast)/@0x4a09ad8 - animation-leash of window_animation#40811 (224)
08-18 20:23:19.989   950   950 I SurfaceFlinger: id=40811 Removed Surface(name=5d94bb5 Toast)/@0x4a09ad8 - animation-leash of window_animation#40811 (224)
08-18 20:23:20.004   950   950 I BufferQueueDebug: [Surface(name=5d94bb5 Toast)/@0x4a09ad8 - animation-leash of window_animation#40811](this:0xb4000074aa541ba0,id:-1,api:0,p:-1,c:950) onDestructor()
08-18 20:23:20.004   950   950 I Layer   : id=40811 Destroyed Surface(name=5d94bb5 Toast)/@0x4a09ad8 - animation-leash of window_animation#40811
08-18 20:23:20.276 12772 17162 W FusedLocation: mock location injection by 10406/com.just4funtools.fakegpslocationprofessional failed (not in mock mode) [CONTEXT service_id=6 ]
08-18 20:23:20.839   885  1118 I hwcomposer: [DRMDEV] (0) failed to waitNextVsync: -1  
08-18 20:23:20.854   885  1118 I hwcomposer: [DRMDEV] (0) failed to waitNextVsync: -1  
08-18 20:23:20.870   885  1118 I hwcomposer: [DRMDEV] (0) failed to waitNextVsync: -1  
08-18 20:23:20.887   885  1118 I hwcomposer: [DRMDEV] (0) failed to waitNextVsync: -1  
08-18 20:23:20.905   885  1118 I hwcomposer: [DRMDEV] (0) failed to waitNextVsync: -1  
08-18 20:23:20.920   885  1118 I hwcomposer: [DRMDEV] (0) failed to waitNextVsync: -1  
08-18 20:23:20.937   885  1118 I hwcomposer: [DRMDEV] (0) failed to waitNextVsync: -1  
08-18 20:23:21.534 16299 16475 I [-0300]oneconnect[1.8.34.21_01][CORE]: DataConvert.parseBleVd - deviceBle : |name:|deviceType:TV|discoverType:_BLE|services:None|connected:false[TvStatusString]POWER_OFF[TvStatus]-128[TvService]102[TvMirrorChannel]1[TvRegisteredDB][-40, -1, -56, -119, 87, 0][TvYear]2016[TvOcfInfo]0[TvAcmStatus]0[ExTvStatus]0[ExtendedStatus]-1[ModuloSn]-1
08-18 20:23:21.970  2053  2053 I WindowManager: WindowManagerGlobal#removeView, ty=2005, view=android.widget.LinearLayout{9103bf2 V.E...... ........ 0,0-822,116}, caller=android.view.WindowManagerGlobal.removeView:628 android.view.WindowManagerImpl.removeViewImmediate:208 android.widget.ToastPresenter.hide:358 
08-18 20:23:21.971  1519  2934 D CoreBackPreview: Window{5d94bb5 u0 Toast}: Setting back callback null
08-18 20:23:21.971   885  1118 I hwcomposer: [DRMDEV] (0) failed to waitNextVsync: -1  
08-18 20:23:21.973  2053  2053 I ViewRootImpl@d597243[Toast]: dispatchDetachedFromWindow
08-18 20:23:21.973  2053  2053 D BLASTBufferQueue: [ViewRootImpl@d597243[Toast]#2235](f:0,a:1) destructor()
08-18 20:23:21.974  2053  2053 D BufferQueueConsumer: [ViewRootImpl@d597243[Toast]#2235(BLAST Consumer)2235](id:805000008c0,api:0,p:-1,c:2053) disconnect
08-18 20:23:21.974  1519  2934 W InputManager-JNI: Input channel object '5d94bb5 Toast (client)' was disposed without first being removed with the input manager!
08-18 20:23:21.975  1519  2934 V WindowManager: Remove Window{5d94bb5 u0 Toast}: mSurfaceController=Surface(name=Toast$_2053)/@0xb48a4ee mAnimatingExit=false mRemoveOnExit=false mHasSurface=true surfaceShowing=true animating=false app-animation=false mDisplayFrozen=false callers=com.android.server.wm.WindowManagerService.removeWindow:2148 com.android.server.wm.Session.remove:257 android.view.IWindowSession$Stub.onTransact:747 com.android.server.wm.Session.onTransact:204 android.os.Binder.execTransactInternal:1380 android.os.Binder.execTransact:1311 
08-18 20:23:21.975  1519  2934 I WindowManager: Reparenting to leash, surface=Surface(name=5d94bb5 Toast)/@0x4a09ad8, leashParent=Surface(name=WindowToken{8947265 type=2005 android.os.Binder@5087f5c})/@0x29fee31
08-18 20:23:21.976   950  1328 E BufferQueueDebug: [Surface(name=5d94bb5 Toast)/@0x4a09ad8 - animation-leash of window_animation#40812](this:0xb4000074aa54fba0,id:-1,api:0,p:-1,c:-1) id info cannot be read from 'Surface(name=5d94bb5 Toast)/@0x4a09ad8 - animation-leash of window_animation#40812'
08-18 20:23:21.976   950  1328 I BufferQueueDebug: [Surface(name=5d94bb5 Toast)/@0x4a09ad8 - animation-leash of window_animation#40812](this:0xb4000074aa54fba0,id:-1,api:0,p:-1,c:-1) BufferQueue core=(950:/system/bin/surfaceflinger)
08-18 20:23:21.977   950  1328 I SurfaceFlinger: id=40812 createSurf, flag=24000, Surface(name=5d94bb5 Toast)/@0x4a09ad8 - animation-leash of window_animation#40812
08-18 20:23:21.978  1519  2934 D WindowManager: makeSurface duration=3 leash=Surface(name=Surface(name=5d94bb5 Toast)/@0x4a09ad8 - animation-leash of window_animation)/@0xe42ed8f
08-18 20:23:21.978  1519  2934 V WindowManager: removeIfPossible 2, Window{5d94bb5 u0 Toast}: mAnimatingExit=true caller=com.android.server.wm.WindowManagerService.removeWindow:2148 com.android.server.wm.Session.remove:257 android.view.IWindowSession$Stub.onTransact:747 com.android.server.wm.Session.onTransact:204 android.os.Binder.execTransactInternal:1380 
08-18 20:23:21.982  1519  2934 W NotificationService: Toast already killed. pkg=com.sdrradio.app token=android.os.BinderProxy@27ae81c
08-18 20:23:21.987   885  1118 I hwcomposer: [DRMDEV] (0) failed to waitNextVsync: -1  
08-18 20:23:21.998  2053  2053 V ToastPresenter: yOffset = 168
08-18 20:23:21.998  2053  2053 V ToastPresenter: Text: Oenh in android.widget.ToastPresenter@80e7708
08-18 20:23:21.998  2053  2053 I WindowManager: WindowManagerGlobal#addView, ty=2005, view=android.widget.LinearLayout{e9d4ea1 V.E...... ......I. 0,0-0,0}, caller=android.view.WindowManagerImpl.addView:150 android.widget.ToastPresenter.addToastView:414 android.widget.ToastPresenter.show:335 
08-18 20:23:22.004   950  1332 E BufferQueueDebug: [25c6a08 Toast#40813](this:0xb4000074aa644ba0,id:-1,api:0,p:-1,c:-1) id info cannot be read from '25c6a08 Toast#40813'
08-18 20:23:22.004   950  1332 I BufferQueueDebug: [25c6a08 Toast#40813](this:0xb4000074aa644ba0,id:-1,api:0,p:-1,c:-1) BufferQueue core=(950:/system/bin/surfaceflinger)
08-18 20:23:22.005   950  1332 I SurfaceFlinger: id=40813 createSurf, flag=84004, 25c6a08 Toast#40813
08-18 20:23:22.010  2053  2053 I InsetsController: onStateChanged: host=Toast, from=android.view.ViewRootImpl.setView:1753, state=InsetsState: {mDisplayFrame=Rect(0, 0 - 1080, 2340), mDisplayCutout=DisplayCutout{insets=Rect(0, 80 - 0, 0) waterfall=Insets{left=0, top=0, right=0, bottom=0} boundingRect={Bounds=[Rect(0, 0 - 0, 0), Rect(472, 0 - 608, 80), Rect(0, 0 - 0, 0), Rect(0, 0 - 0, 0)]} cutoutPathParserInfo={CutoutPathParserInfo{displayWidth=1080 displayHeight=2340 physicalDisplayWidth=1080 physicalDisplayHeight=2340 density={2.8125} cutoutSpec={M 0,0 H -24.177777778 V 28.4444444444 H 24.177777778 V 0 H 0 Z @dp} rotation={0} scale={1.0} physicalPixelDisplaySizeRatio={1.0}}}}, mRoundedCorners=RoundedCorners{[RoundedCorner{position=TopLeft, radius=0, center=Point(0, 0)}, RoundedCorner{position=TopRight, radius=0, center=Point(0, 0)}, RoundedCorner{position=BottomRight, radius=0, center=Point(0, 0)}, RoundedCorner{position=BottomLeft, radius=0, center=Point(0, 0)}]}  mRoundedCornerFrame=Rect(0, 0 - 0, 0), mPrivacyIndicatorBounds=PrivacyIndicatorBounds {static bounds=Rect(964, 0 - 1080, 80) rotation=0}, mDisplayShape=DisplayShape{ spec=-311912193 displayWidth=1080 displayHeight=2340 physicalPixelDisplaySizeRatio=1.0 rotation=0 offsetX=0 offsetY=0 scale=1.0}, mSources= { InsetsSource: {e3260001 mType=navigationBars mFrame=[0,2301][1080,2340] mVisible=true mFlags=[SUPPRESS_SCRIM]}, InsetsSource: {e3260004 mType=systemGestures mFrame=[0,0][78,2340] mVisible=true mFlags=[]}, InsetsSource: {e3260005 mType=mandatorySystemGestures mFrame=[0,2256][1080,2340] mVisible=true mFlags=[]}, InsetsSource: {e3260006 mType=tappableElement mFrame=[0,0][0,0] mVisible=true mFlags=[]}, InsetsSource: {e3260024 mType=systemGestures mFrame=[1002,0][1080,2340] mVisible=true mFlags=[]}, InsetsSource: {3 mType=ime mFrame=[0,0][0,0] mVisible=false mFlags=[]}, InsetsSource: {27 mType=displayCutout mFrame=[0,0][1080,80] mVisible=true mFlags=[]}, InsetsSource: {737f0000 mType=statusBars mFrame=[0,0][1080,80] mVisible=true mFlags=[]}, InsetsSource: {737f0005 mType=mandatorySystemGestures mFrame=[0,0][1080,112] mVisible=true mFlags=[]}, InsetsSource: {737f0006 mType=tappableElement mFrame=[0,0][1080,80] mVisible=true mFlags=[]} }
08-18 20:23:22.010  2053  2053 I ViewRootImpl@875b8c6[Toast]: synced displayState. AttachInfo displayState=2
08-18 20:23:22.010  2053  2053 I ViewRootImpl@875b8c6[Toast]: setView = android.widget.LinearLayout@e9d4ea1 TM=true
08-18 20:23:22.012  1519  2225 V WindowManager: Relayout Window{25c6a08 u0 Toast}: viewVisibility=0 req=822x116 ty=2005 d0
08-18 20:23:22.013   950  1328 E BufferQueueDebug: [Toast$_2053#40814](this:0xb4000074aa564ba0,id:-1,api:0,p:-1,c:-1) id info cannot be read from 'Toast$_2053#40814'
08-18 20:23:22.014   950  1328 I BufferQueueDebug: [Toast$_2053#40814](this:0xb4000074aa564ba0,id:-1,api:0,p:-1,c:-1) BufferQueue core=(950:/system/bin/surfaceflinger)
08-18 20:23:22.014   950  1328 I SurfaceFlinger: id=40814 createSurf, flag=44004, Toast$_2053#40814
08-18 20:23:22.015  1519  2225 D WindowManager: makeSurface duration=2 name=Toast$_2053
08-18 20:23:22.018  1519  4466 D CoreBackPreview: Window{25c6a08 u0 Toast}: Setting back callback OnBackInvokedCallbackInfo{mCallback=android.window.IOnBackInvokedCallback$Stub$Proxy@620ff87, mPriority=0, mIsAnimationCallback=false}
08-18 20:23:22.021  2053  2053 D BufferQueueConsumer: [](id:805000008c1,api:0,p:-1,c:2053) connect: controlledByApp=false
08-18 20:23:22.022  2053  2053 I BLASTBufferQueue_Java: new BLASTBufferQueue, mName= ViewRootImpl@875b8c6[Toast] mNativeObject= 0xb400006dc4bc2f80 sc.mNativeObject= 0xb400006df093c000 caller= android.view.ViewRootImpl.updateBlastSurfaceIfNeeded:3028 android.view.ViewRootImpl.relayoutWindow:10131 android.view.ViewRootImpl.performTraversals:4110 android.view.ViewRootImpl.doTraversal:3288 android.view.ViewRootImpl$TraversalRunnable.run:11344 android.view.Choreographer$CallbackRecord.run:1689 android.view.Choreographer$CallbackRecord.run:1698 android.view.Choreographer.doCallbacks:1153 android.view.Choreographer.doFrame:1079 android.view.Choreographer$FrameDisplayEventReceiver.run:1646 
08-18 20:23:22.022  2053  2053 I BLASTBufferQueue_Java: update, w= 822 h= 116 mName = ViewRootImpl@875b8c6[Toast] mNativeObject= 0xb400006dc4bc2f80 sc.mNativeObject= 0xb400006df093c000 format= -3 caller= android.graphics.BLASTBufferQueue.<init>:89 android.view.ViewRootImpl.updateBlastSurfaceIfNeeded:3028 android.view.ViewRootImpl.relayoutWindow:10131 android.view.ViewRootImpl.performTraversals:4110 android.view.ViewRootImpl.doTraversal:3288 android.view.ViewRootImpl$TraversalRunnable.run:11344 
08-18 20:23:22.022  2053  2053 I ViewRootImpl@875b8c6[Toast]: Relayout returned: old=(0,80,1080,2301) new=(129,2017,951,2133) relayoutAsync=false req=(822,116)0 dur=9 res=0x3 s={true 0xb400006dc4e88800} ch=true seqId=0
08-18 20:23:22.023  2053  2053 I ViewRootImpl@875b8c6[Toast]: performConfigurationChange setNightDimText nightDimLevel=0
08-18 20:23:22.024  2053  2053 D ViewRootImpl@875b8c6[Toast]: mThreadedRenderer.initialize() mSurface={isValid=true 0xb400006dc4e88800} hwInitialized=true
08-18 20:23:22.025  2053  2053 D ViewRootImpl@875b8c6[Toast]: reportNextDraw android.view.ViewRootImpl.performTraversals:4718 android.view.ViewRootImpl.doTraversal:3288 android.view.ViewRootImpl$TraversalRunnable.run:11344 android.view.Choreographer$CallbackRecord.run:1689 android.view.Choreographer$CallbackRecord.run:1698 
08-18 20:23:22.026  2053  2053 I ViewRootImpl@875b8c6[Toast]: Setup new sync=wmsSync-ViewRootImpl@875b8c6[Toast]#77
08-18 20:23:22.026  2053  2053 I ViewRootImpl@875b8c6[Toast]: Creating new active sync group ViewRootImpl@875b8c6[Toast]#78
08-18 20:23:22.027  2053  2053 I ViewRootImpl@875b8c6[Toast]: registerCallbacksForSync syncBuffer=false
08-18 20:23:22.030  2053  2807 I ViewRootImpl@875b8c6[Toast]: Received frameDrawingCallback syncResult=0 frameNum=1.
08-18 20:23:22.030  2053  2807 I ViewRootImpl@875b8c6[Toast]: mWNT: t=0xb400006dc4aa0a00 mBlastBufferQueue=0xb400006dc4bc2f80 fn= 1 mRenderHdrSdrRatio=1.0 caller= android.view.ViewRootImpl$8.onFrameDraw:13841 android.view.ThreadedRenderer$1.onFrameDraw:792 <bottom of call stack> 
08-18 20:23:22.030  2053  2807 I ViewRootImpl@875b8c6[Toast]: Setting up sync and frameCommitCallback
08-18 20:23:22.036  2053  2217 D BLASTBufferQueue: [ViewRootImpl@875b8c6[Toast]#2236](f:0,a:0) onFrameAvailable the first frame is available
08-18 20:23:22.036  2053  2217 D BLASTBufferQueue: [ViewRootImpl@875b8c6[Toast]#2236](f:0,a:1) acquireNextBufferLocked size=822x116 mFrameNumber=1 applyTransaction=true mTimestamp=316883022347425(auto) mPendingTransactions.size=0 graphicBufferId=8817567885342 transform=0
08-18 20:23:22.037  2053  2217 I ViewRootImpl@875b8c6[Toast]: Received frameCommittedCallback lastAttemptedDrawFrameNum=1 didProduceBuffer=true
08-18 20:23:22.039  2053  2053 I ViewRootImpl@875b8c6[Toast]: reportDrawFinished seqId=0
08-18 20:23:22.041  1519  2225 D WindowManager: finishDrawingWindow: Window{25c6a08 u0 Toast} mDrawState=DRAW_PENDING seqId=0
08-18 20:23:22.042  1519  1548 I WindowManager: Reparenting to leash, surface=Surface(name=25c6a08 Toast)/@0x3521eb4, leashParent=Surface(name=WindowToken{4aa7351 type=2005 android.os.Binder@f1b8078})/@0x28a1add
08-18 20:23:22.043   950  1008 E BufferQueueDebug: [Surface(name=25c6a08 Toast)/@0x3521eb4 - animation-leash of window_animation#40815](this:0xb4000074b0012ba0,id:-1,api:0,p:-1,c:-1) id info cannot be read from 'Surface(name=25c6a08 Toast)/@0x3521eb4 - animation-leash of window_animation#40815'
08-18 20:23:22.044   950  1008 I BufferQueueDebug: [Surface(name=25c6a08 Toast)/@0x3521eb4 - animation-leash of window_animation#40815](this:0xb4000074b0012ba0,id:-1,api:0,p:-1,c:-1) BufferQueue core=(950:/system/bin/surfaceflinger)
08-18 20:23:22.044   950  1008 I SurfaceFlinger: id=40815 createSurf, flag=24004, Surface(name=25c6a08 Toast)/@0x3521eb4 - animation-leash of window_animation#40815
08-18 20:23:22.045  1519  1548 D WindowManager: makeSurface duration=2 leash=Surface(name=Surface(name=25c6a08 Toast)/@0x3521eb4 - animation-leash of window_animation)/@0xceaf652
08-18 20:23:22.045  1519  1548 V WindowManager: performShowLocked: mDrawState=HAS_DRAWN in Window{25c6a08 u0 Toast}
08-18 20:23:22.051   950   950 I Layer   : Layer [Toast$_2053#40814] hidden!! flag(0)
08-18 20:23:22.091   950   950 D SurfaceFlinger:      DEVICE | 0xb4000074aa938000 | 0102 | RGBA_8888    |    0.0    0.0 1080.0 2340.0 |    0    0 1080 2340 | com.sdrradio.app/com.sdrradio.app.MainActivity$_17587#40772
08-18 20:23:22.091   950   950 D SurfaceFlinger:      DEVICE | 0xb4000074ab26c500 | 0100 | RGBA_8888    |    0.0    0.0  822.0  116.0 |  129 2017  951 2133 | Toast$_2053#40810
08-18 20:23:22.091   950   950 D SurfaceFlinger:      DEVICE | 0xb4000074afdd77c0 | 0100 | RGBA_8888    |    0.0    0.0  822.0  116.0 |  129 2017  951 2133 | Toast$_2053#40814
08-18 20:23:22.501  1519  1548 I WindowManager: Reparenting to original parent: Surface(name=WindowToken{8947265 type=2005 android.os.Binder@5087f5c})/@0x29fee31, destroy=true, surface=Surface(name=5d94bb5 Toast)/@0x4a09ad8
08-18 20:23:22.519  1519  1548 I WindowManager: Destroying surface Surface(name=Toast$_2053)/@0xb48a4ee called by com.android.server.wm.WindowStateAnimator.destroySurface:799 com.android.server.wm.WindowStateAnimator.destroySurfaceLocked:472 com.android.server.wm.WindowState.removeImmediately:2937 com.android.server.wm.WindowState.handleCompleteDeferredRemoval:5780 com.android.server.wm.WindowContainer.handleCompleteDeferredRemoval:1476 com.android.server.wm.WindowContainer.handleCompleteDeferredRemoval:1476 com.android.server.wm.WindowContainer.handleCompleteDeferredRemoval:1476 com.android.server.wm.WindowContainer.handleCompleteDeferredRemoval:1476 
08-18 20:23:22.530   950   950 D SurfaceFlinger:      DEVICE | 0xb4000074aa938000 | 0102 | RGBA_8888    |    0.0    0.0 1080.0 2340.0 |    0    0 1080 2340 | com.sdrradio.app/com.sdrradio.app.MainActivity$_17587#40772
08-18 20:23:22.530   950   950 D SurfaceFlinger:      DEVICE | 0xb4000074afdd77c0 | 0100 | RGBA_8888    |    0.0    0.0  822.0  116.0 |  129 2017  951 2133 | Toast$_2053#40814
08-18 20:23:22.534   950   950 I Layer   : id=40809 removeFromCurrentState 5d94bb5 Toast#40809 (227)
08-18 20:23:22.534   950   950 I Layer   : id=40810 removeFromCurrentState Toast$_2053#40810 (227)
08-18 20:23:22.534   950   950 I Layer   : id=40812 removeFromCurrentState Surface(name=5d94bb5 Toast)/@0x4a09ad8 - animation-leash of window_animation#40812 (227)
08-18 20:23:22.534   950   950 I Layer   : Layer [Toast$_2053#40810] hidden!! flag(1)
08-18 20:23:22.534   950   950 I Layer   : id=40810 removeFromCurrentState Toast$_2053#40810 (227)
08-18 20:23:22.536   950   950 I SurfaceFlinger: id=40810 Removed Toast$_2053#40810 (227)
08-18 20:23:22.536   950   950 I SurfaceFlinger: id=40812 Removed Surface(name=5d94bb5 Toast)/@0x4a09ad8 - animation-leash of window_animation#40812 (227)
08-18 20:23:22.536   950   950 I SurfaceFlinger: id=40809 Removed 5d94bb5 Toast#40809 (227)
08-18 20:23:22.551   950   950 I BufferQueueDebug: [5d94bb5 Toast#40809](this:0xb4000074aa4e4ba0,id:-1,api:0,p:-1,c:950) onDestructor()
08-18 20:23:22.551  1519  1548 I WindowManager: Reparenting to original parent: Surface(name=WindowToken{4aa7351 type=2005 android.os.Binder@f1b8078})/@0x28a1add, destroy=true, surface=Surface(name=25c6a08 Toast)/@0x3521eb4
08-18 20:23:22.551   950   950 I Layer   : id=40809 Destroyed 5d94bb5 Toast#40809
08-18 20:23:22.551   950   950 I BufferQueueDebug: [Toast$_2053#40810](this:0xb4000074aa513ba0,id:-1,api:0,p:-1,c:950) onDestructor()
08-18 20:23:22.551   950   950 I Layer   : id=40810 Destroyed Toast$_2053#40810
08-18 20:23:22.552   950   950 I BufferQueueDebug: [Surface(name=5d94bb5 Toast)/@0x4a09ad8 - animation-leash of window_animation#40812](this:0xb4000074aa54fba0,id:-1,api:0,p:-1,c:950) onDestructor()
08-18 20:23:22.552   950   950 I Layer   : id=40812 Destroyed Surface(name=5d94bb5 Toast)/@0x4a09ad8 - animation-leash of window_animation#40812
08-18 20:23:22.568   950   950 I Layer   : id=40815 removeFromCurrentState Surface(name=25c6a08 Toast)/@0x3521eb4 - animation-leash of window_animation#40815 (224)
08-18 20:23:22.572   950   950 I SurfaceFlinger: id=40815 Removed Surface(name=25c6a08 Toast)/@0x3521eb4 - animation-leash of window_animation#40815 (224)
08-18 20:23:22.584   950   950 I BufferQueueDebug: [Surface(name=25c6a08 Toast)/@0x3521eb4 - animation-leash of window_animation#40815](this:0xb4000074b0012ba0,id:-1,api:0,p:-1,c:950) onDestructor()
08-18 20:23:22.584   950   950 I Layer   : id=40815 Destroyed Surface(name=25c6a08 Toast)/@0x3521eb4 - animation-leash of window_animation#40815
08-18 20:23:23.187 12772 17162 W FusedLocation: mock location injection by 10406/com.just4funtools.fakegpslocationprofessional failed (not in mock mode) [CONTEXT service_id=6 ]
08-18 20:23:23.414 16299 16475 I [-0300]oneconnect[1.8.34.21_01][CORE]: DataConvert.parseBleVd - deviceBle : |name:|deviceType:TV|discoverType:_BLE|services:None|connected:false[TvStatusString]POWER_OFF[TvStatus]-128[TvService]102[TvMirrorChannel]1[TvRegisteredDB][-40, -1, -56, -119, 87, 0][TvYear]2016[TvOcfInfo]0[TvAcmStatus]0[ExTvStatus]0[ExtendedStatus]-1[ModuloSn]-1
08-18 20:23:23.433   885  1118 I hwcomposer: [DRMDEV] (0) failed to waitNextVsync: -1  
08-18 20:23:23.437   885  1118 I hwcomposer: [DRMDEV] (0) failed to waitNextVsync: -1  
08-18 20:23:23.454   885  1118 I hwcomposer: [DRMDEV] (0) failed to waitNextVsync: -1  
08-18 20:23:23.470   885  1118 I hwcomposer: [DRMDEV] (0) failed to waitNextVsync: -1  
08-18 20:23:23.487   885  1118 I hwcomposer: [DRMDEV] (0) failed to waitNextVsync: -1  
08-18 20:23:23.503   885  1118 I hwcomposer: [DRMDEV] (0) failed to waitNextVsync: -1  
08-18 20:23:23.520   885  1118 I hwcomposer: [DRMDEV] (0) failed to waitNextVsync: -1  
08-18 20:23:23.707 17587 17587 I ViewRootImpl@da5e40d[MainActivity]: ViewPostIme pointer 0
08-18 20:23:23.813 17587 17587 I ViewRootImpl@da5e40d[MainActivity]: ViewPostIme pointer 1
08-18 20:23:23.824 17587 17587 D MainActivity: Tentando conectar dispositivo...
08-18 20:23:23.824 17587 17587 E MainActivity: Nenhum dispositivo RTL-SDR encontrado
08-18 20:23:23.830 17587 17587 I Toast   : show: caller = com.sdrradio.app.MainActivity.connectDevice:297 
08-18 20:23:23.831 17587 17587 I Toast   : show: contextDispId = 0 mCustomDisplayId = -1 focusedDisplayId = 0 isActivityContext = true
08-18 20:23:23.833  1519  4466 W ContextImpl: Calling a method in the system process without a qualified user: android.app.ContextImpl.sendBroadcast:1281 com.android.server.notification.sec.DisplayToast.sendIntentForToastDumpLog:156 com.android.server.notification.sec.DisplayToast.outFile:106 com.android.server.notification.sec.DisplayToast.out:62 com.android.server.notification.NotificationManagerService$15.enqueueToastForDex:5125 
08-18 20:23:23.837   950   950 I BufferQueueProducer: [com.sdrradio.app/com.sdrradio.app.MainActivity$_17587#40772](this:0xb4000074aa569ba0,id:-1,api:0,p:-1,c:950) queueBuffer: fps=4.37 dur=5498.26 max=5115.42 min=16.19
08-18 20:23:24.038  3996  5417 I SDHMS:C : SIOP:: AP:398 BAT:353 USB:353 CHG:402 PA:397 WIFI:394 BLK:0 SUBBAT:0 SKIN:371 SKINF:363 SKINB:371 LRP:371 LRP2:371 LRF2:363 LRB2:371 AP2:371 CHG2:358 MEM2:371 WIFI2:371 SPK2:339 VAP05:405 
08-18 20:23:24.278 17587 17587 I ViewRootImpl@da5e40d[MainActivity]: ViewPostIme pointer 0
08-18 20:23:24.374 17587 17587 I ViewRootImpl@da5e40d[MainActivity]: ViewPostIme pointer 1
08-18 20:23:24.384 17587 17587 D MainActivity: Tentando conectar dispositivo...
08-18 20:23:24.384 17587 17587 E MainActivity: Nenhum dispositivo RTL-SDR encontrado
08-18 20:23:24.391 17587 17587 I Toast   : show: caller = com.sdrradio.app.MainActivity.connectDevice:297 
08-18 20:23:24.392 17587 17587 I Toast   : show: contextDispId = 0 mCustomDisplayId = -1 focusedDisplayId = 0 isActivityContext = true
08-18 20:23:24.396  1519  2225 W ContextImpl: Calling a method in the system process without a qualified user: android.app.ContextImpl.sendBroadcast:1281 com.android.server.notification.sec.DisplayToast.sendIntentForToastDumpLog:156 com.android.server.notification.sec.DisplayToast.outFile:106 com.android.server.notification.sec.DisplayToast.out:62 com.android.server.notification.NotificationManagerService$15.enqueueToastForDex:5125 
08-18 20:23:24.553  2053  2053 I WindowManager: WindowManagerGlobal#removeView, ty=2005, view=android.widget.LinearLayout{e9d4ea1 V.E...... ........ 0,0-822,116}, caller=android.view.WindowManagerGlobal.removeView:628 android.view.WindowManagerImpl.removeViewImmediate:208 android.widget.ToastPresenter.hide:358 
08-18 20:23:24.554  1519  2225 D CoreBackPreview: Window{25c6a08 u0 Toast}: Setting back callback null
08-18 20:23:24.557  2053  2053 I ViewRootImpl@875b8c6[Toast]: dispatchDetachedFromWindow
08-18 20:23:24.557  2053  2053 D BLASTBufferQueue: [ViewRootImpl@875b8c6[Toast]#2236](f:0,a:1) destructor()
08-18 20:23:24.558  2053  2053 D BufferQueueConsumer: [ViewRootImpl@875b8c6[Toast]#2236(BLAST Consumer)2236](id:805000008c1,api:0,p:-1,c:2053) disconnect
08-18 20:23:24.559  1519  2225 W InputManager-JNI: Input channel object '25c6a08 Toast (client)' was disposed without first being removed with the input manager!
08-18 20:23:24.560  1519  2225 V WindowManager: Remove Window{25c6a08 u0 Toast}: mSurfaceController=Surface(name=Toast$_2053)/@0xaec754d mAnimatingExit=false mRemoveOnExit=false mHasSurface=true surfaceShowing=true animating=false app-animation=false mDisplayFrozen=false callers=com.android.server.wm.WindowManagerService.removeWindow:2148 com.android.server.wm.Session.remove:257 android.view.IWindowSession$Stub.onTransact:747 com.android.server.wm.Session.onTransact:204 android.os.Binder.execTransactInternal:1380 android.os.Binder.execTransact:1311 
08-18 20:23:24.560  1519  2225 I WindowManager: Reparenting to leash, surface=Surface(name=25c6a08 Toast)/@0x3521eb4, leashParent=Surface(name=WindowToken{4aa7351 type=2005 android.os.Binder@f1b8078})/@0x28a1add
08-18 20:23:24.561   950  1008 E BufferQueueDebug: [Surface(name=25c6a08 Toast)/@0x3521eb4 - animation-leash of window_animation#40818](this:0xb4000074b001fba0,id:-1,api:0,p:-1,c:-1) id info cannot be read from 'Surface(name=25c6a08 Toast)/@0x3521eb4 - animation-leash of window_animation#40818'
08-18 20:23:24.561   950  1008 I BufferQueueDebug: [Surface(name=25c6a08 Toast)/@0x3521eb4 - animation-leash of window_animation#40818](this:0xb4000074b001fba0,id:-1,api:0,p:-1,c:-1) BufferQueue core=(950:/system/bin/surfaceflinger)
08-18 20:23:24.561   950  1008 I SurfaceFlinger: id=40818 createSurf, flag=24000, Surface(name=25c6a08 Toast)/@0x3521eb4 - animation-leash of window_animation#40818
08-18 20:23:24.562  1519  2225 D WindowManager: makeSurface duration=2 leash=Surface(name=Surface(name=25c6a08 Toast)/@0x3521eb4 - animation-leash of window_animation)/@0x8f99802
08-18 20:23:24.563  1519  2225 V WindowManager: removeIfPossible 2, Window{25c6a08 u0 Toast}: mAnimatingExit=true caller=com.android.server.wm.WindowManagerService.removeWindow:2148 com.android.server.wm.Session.remove:257 android.view.IWindowSession$Stub.onTransact:747 com.android.server.wm.Session.onTransact:204 android.os.Binder.execTransactInternal:1380 
08-18 20:23:24.568  1519  4466 W NotificationService: Toast already killed. pkg=com.sdrradio.app token=android.os.BinderProxy@2228513
08-18 20:23:24.584  2053  2053 V ToastPresenter: yOffset = 168
08-18 20:23:24.584  2053  2053 V ToastPresenter: Text: Done in android.widget.ToastPresenter@160f06f
08-18 20:23:24.584  2053  2053 I WindowManager: WindowManagerGlobal#addView, ty=2005, view=android.widget.LinearLayout{462617c V.E...... ......I. 0,0-0,0}, caller=android.view.WindowManagerImpl.addView:150 android.widget.ToastPresenter.addToastView:414 android.widget.ToastPresenter.show:335 
08-18 20:23:24.590   950  1008 E BufferQueueDebug: [3265f6f Toast#40819](this:0xb4000074b0067ba0,id:-1,api:0,p:-1,c:-1) id info cannot be read from '3265f6f Toast#40819'
08-18 20:23:24.590   950  1008 I BufferQueueDebug: [3265f6f Toast#40819](this:0xb4000074b0067ba0,id:-1,api:0,p:-1,c:-1) BufferQueue core=(950:/system/bin/surfaceflinger)
08-18 20:23:24.590   950  1008 I SurfaceFlinger: id=40819 createSurf, flag=84004, 3265f6f Toast#40819
08-18 20:23:24.592  2053  2053 I InsetsController: onStateChanged: host=Toast, from=android.view.ViewRootImpl.setView:1753, state=InsetsState: {mDisplayFrame=Rect(0, 0 - 1080, 2340), mDisplayCutout=DisplayCutout{insets=Rect(0, 80 - 0, 0) waterfall=Insets{left=0, top=0, right=0, bottom=0} boundingRect={Bounds=[Rect(0, 0 - 0, 0), Rect(472, 0 - 608, 80), Rect(0, 0 - 0, 0), Rect(0, 0 - 0, 0)]} cutoutPathParserInfo={CutoutPathParserInfo{displayWidth=1080 displayHeight=2340 physicalDisplayWidth=1080 physicalDisplayHeight=2340 density={2.8125} cutoutSpec={M 0,0 H -24.177777778 V 28.4444444444 H 24.177777778 V 0 H 0 Z @dp} rotation={0} scale={1.0} physicalPixelDisplaySizeRatio={1.0}}}}, mRoundedCorners=RoundedCorners{[RoundedCorner{position=TopLeft, radius=0, center=Point(0, 0)}, RoundedCorner{position=TopRight, radius=0, center=Point(0, 0)}, RoundedCorner{position=BottomRight, radius=0, center=Point(0, 0)}, RoundedCorner{position=BottomLeft, radius=0, center=Point(0, 0)}]}  mRoundedCornerFrame=Rect(0, 0 - 0, 0), mPrivacyIndicatorBounds=PrivacyIndicatorBounds {static bounds=Rect(964, 0 - 1080, 80) rotation=0}, mDisplayShape=DisplayShape{ spec=-311912193 displayWidth=1080 displayHeight=2340 physicalPixelDisplaySizeRatio=1.0 rotation=0 offsetX=0 offsetY=0 scale=1.0}, mSources= { InsetsSource: {e3260001 mType=navigationBars mFrame=[0,2301][1080,2340] mVisible=true mFlags=[SUPPRESS_SCRIM]}, InsetsSource: {e3260004 mType=systemGestures mFrame=[0,0][78,2340] mVisible=true mFlags=[]}, InsetsSource: {e3260005 mType=mandatorySystemGestures mFrame=[0,2256][1080,2340] mVisible=true mFlags=[]}, InsetsSource: {e3260006 mType=tappableElement mFrame=[0,0][0,0] mVisible=true mFlags=[]}, InsetsSource: {e3260024 mType=systemGestures mFrame=[1002,0][1080,2340] mVisible=true mFlags=[]}, InsetsSource: {3 mType=ime mFrame=[0,0][0,0] mVisible=false mFlags=[]}, InsetsSource: {27 mType=displayCutout mFrame=[0,0][1080,80] mVisible=true mFlags=[]}, InsetsSource: {737f0000 mType=statusBars mFrame=[0,0][1080,80] mVisible=true mFlags=[]}, InsetsSource: {737f0005 mType=mandatorySystemGestures mFrame=[0,0][1080,112] mVisible=true mFlags=[]}, InsetsSource: {737f0006 mType=tappableElement mFrame=[0,0][1080,80] mVisible=true mFlags=[]} }
08-18 20:23:24.592  2053  2053 I ViewRootImpl@97f7a05[Toast]: synced displayState. AttachInfo displayState=2
08-18 20:23:24.592  2053  2053 I ViewRootImpl@97f7a05[Toast]: setView = android.widget.LinearLayout@462617c TM=true
08-18 20:23:24.595  1519  4466 D CoreBackPreview: Window{3265f6f u0 Toast}: Setting back callback OnBackInvokedCallbackInfo{mCallback=android.window.IOnBackInvokedCallback$Stub$Proxy@6400105, mPriority=0, mIsAnimationCallback=false}
08-18 20:23:24.595  1519  2225 V WindowManager: Relayout Window{3265f6f u0 Toast}: viewVisibility=0 req=682x116 ty=2005 d0
08-18 20:23:24.596   950  1008 E BufferQueueDebug: [Toast$_2053#40820](this:0xb4000074afea0ba0,id:-1,api:0,p:-1,c:-1) id info cannot be read from 'Toast$_2053#40820'
08-18 20:23:24.597   950  1008 I BufferQueueDebug: [Toast$_2053#40820](this:0xb4000074afea0ba0,id:-1,api:0,p:-1,c:-1) BufferQueue core=(950:/system/bin/surfaceflinger)
08-18 20:23:24.598   950  1008 I SurfaceFlinger: id=40820 createSurf, flag=44004, Toast$_2053#40820
08-18 20:23:24.599  1519  2225 D WindowManager: makeSurface duration=4 name=Toast$_2053
08-18 20:23:24.600 17587 17587 I ViewRootImpl@da5e40d[MainActivity]: ViewPostIme pointer 0
08-18 20:23:24.605  2053  2053 D BufferQueueConsumer: [](id:805000008c2,api:0,p:-1,c:2053) connect: controlledByApp=false
08-18 20:23:24.605  2053  2053 I BLASTBufferQueue_Java: new BLASTBufferQueue, mName= ViewRootImpl@97f7a05[Toast] mNativeObject= 0xb400006dc4bc2f80 sc.mNativeObject= 0xb400006de9c22f00 caller= android.view.ViewRootImpl.updateBlastSurfaceIfNeeded:3028 android.view.ViewRootImpl.relayoutWindow:10131 android.view.ViewRootImpl.performTraversals:4110 android.view.ViewRootImpl.doTraversal:3288 android.view.ViewRootImpl$TraversalRunnable.run:11344 android.view.Choreographer$CallbackRecord.run:1689 android.view.Choreographer$CallbackRecord.run:1698 android.view.Choreographer.doCallbacks:1153 android.view.Choreographer.doFrame:1079 android.view.Choreographer$FrameDisplayEventReceiver.run:1646 
08-18 20:23:24.605  2053  2053 I BLASTBufferQueue_Java: update, w= 682 h= 116 mName = ViewRootImpl@97f7a05[Toast] mNativeObject= 0xb400006dc4bc2f80 sc.mNativeObject= 0xb400006de9c22f00 format= -3 caller= android.graphics.BLASTBufferQueue.<init>:89 android.view.ViewRootImpl.updateBlastSurfaceIfNeeded:3028 android.view.ViewRootImpl.relayoutWindow:10131 android.view.ViewRootImpl.performTraversals:4110 android.view.ViewRootImpl.doTraversal:3288 android.view.ViewRootImpl$TraversalRunnable.run:11344 
08-18 20:23:24.606  2053  2053 I ViewRootImpl@97f7a05[Toast]: Relayout returned: old=(0,80,1080,2301) new=(199,2017,881,2133) relayoutAsync=false req=(682,116)0 dur=11 res=0x3 s={true 0xb400006dc4e88800} ch=true seqId=0
08-18 20:23:24.607  2053  2053 I ViewRootImpl@97f7a05[Toast]: performConfigurationChange setNightDimText nightDimLevel=0
08-18 20:23:24.607  2053  2053 D ViewRootImpl@97f7a05[Toast]: mThreadedRenderer.initialize() mSurface={isValid=true 0xb400006dc4e88800} hwInitialized=true
08-18 20:23:24.608  2053  2053 D ViewRootImpl@97f7a05[Toast]: reportNextDraw android.view.ViewRootImpl.performTraversals:4718 android.view.ViewRootImpl.doTraversal:3288 android.view.ViewRootImpl$TraversalRunnable.run:11344 android.view.Choreographer$CallbackRecord.run:1689 android.view.Choreographer$CallbackRecord.run:1698 
08-18 20:23:24.608  2053  2053 I ViewRootImpl@97f7a05[Toast]: Setup new sync=wmsSync-ViewRootImpl@97f7a05[Toast]#79
08-18 20:23:24.608  2053  2053 I ViewRootImpl@97f7a05[Toast]: Creating new active sync group ViewRootImpl@97f7a05[Toast]#80
08-18 20:23:24.608  2053  2053 I ViewRootImpl@97f7a05[Toast]: registerCallbacksForSync syncBuffer=false
08-18 20:23:24.613  2053  2806 I ViewRootImpl@97f7a05[Toast]: Received frameDrawingCallback syncResult=0 frameNum=1.
08-18 20:23:24.613  2053  2806 I ViewRootImpl@97f7a05[Toast]: mWNT: t=0xb400006dc4b1f380 mBlastBufferQueue=0xb400006dc4bc2f80 fn= 1 mRenderHdrSdrRatio=1.0 caller= android.view.ViewRootImpl$8.onFrameDraw:13841 android.view.ThreadedRenderer$1.onFrameDraw:792 <bottom of call stack> 
08-18 20:23:24.614  2053  2806 I ViewRootImpl@97f7a05[Toast]: Setting up sync and frameCommitCallback
08-18 20:23:24.620  2053  2217 D BLASTBufferQueue: [ViewRootImpl@97f7a05[Toast]#2237](f:0,a:0) onFrameAvailable the first frame is available
08-18 20:23:24.621  2053  2217 D BLASTBufferQueue: [ViewRootImpl@97f7a05[Toast]#2237](f:0,a:1) acquireNextBufferLocked size=682x116 mFrameNumber=1 applyTransaction=true mTimestamp=316885606977579(auto) mPendingTransactions.size=0 graphicBufferId=8817567885349 transform=0
08-18 20:23:24.622  2053  2217 I ViewRootImpl@97f7a05[Toast]: Received frameCommittedCallback lastAttemptedDrawFrameNum=1 didProduceBuffer=true
08-18 20:23:24.623  2053  2053 I ViewRootImpl@97f7a05[Toast]: reportDrawFinished seqId=0
08-18 20:23:24.624  1519  2934 D WindowManager: finishDrawingWindow: Window{3265f6f u0 Toast} mDrawState=DRAW_PENDING seqId=0
08-18 20:23:24.626  1519  1548 I WindowManager: Reparenting to leash, surface=Surface(name=3265f6f Toast)/@0x3e3838b, leashParent=Surface(name=WindowToken{50f0745 type=2005 android.os.Binder@deedbbc})/@0x2758c68
08-18 20:23:24.626   950  1010 E BufferQueueDebug: [Surface(name=3265f6f Toast)/@0x3e3838b - animation-leash of window_animation#40821](this:0xb4000074aa5aaba0,id:-1,api:0,p:-1,c:-1) id info cannot be read from 'Surface(name=3265f6f Toast)/@0x3e3838b - animation-leash of window_animation#40821'
08-18 20:23:24.626   950  1010 I BufferQueueDebug: [Surface(name=3265f6f Toast)/@0x3e3838b - animation-leash of window_animation#40821](this:0xb4000074aa5aaba0,id:-1,api:0,p:-1,c:-1) BufferQueue core=(950:/system/bin/surfaceflinger)
08-18 20:23:24.626   950  1010 I SurfaceFlinger: id=40821 createSurf, flag=24004, Surface(name=3265f6f Toast)/@0x3e3838b - animation-leash of window_animation#40821
08-18 20:23:24.627  1519  1548 D WindowManager: makeSurface duration=2 leash=Surface(name=Surface(name=3265f6f Toast)/@0x3e3838b - animation-leash of window_animation)/@0xd44a881
08-18 20:23:24.628  1519  1548 V WindowManager: performShowLocked: mDrawState=HAS_DRAWN in Window{3265f6f u0 Toast}
08-18 20:23:24.671   950   950 D SurfaceFlinger:      DEVICE | 0xb4000074afea6a00 | 0102 | RGBA_8888    |    0.0    0.0 1080.0 2340.0 |    0    0 1080 2340 | com.sdrradio.app/com.sdrradio.app.MainActivity$_17587#40772
08-18 20:23:24.671   950   950 D SurfaceFlinger:      DEVICE | 0xb4000074afdd77c0 | 0100 | RGBA_8888    |    0.0    0.0  822.0  116.0 |  129 2017  951 2133 | Toast$_2053#40814
08-18 20:23:24.671   950   950 D SurfaceFlinger:      DEVICE | 0xb4000074ab26f980 | 0100 | RGBA_8888    |    0.0    0.0  682.0  116.0 |  199 2017  881 2133 | Toast$_2053#40820
08-18 20:23:24.691 17587 17587 I ViewRootImpl@da5e40d[MainActivity]: ViewPostIme pointer 1
08-18 20:23:24.701 17587 17587 D MainActivity: Tentando conectar dispositivo...
08-18 20:23:24.701 17587 17587 E MainActivity: Nenhum dispositivo RTL-SDR encontrado
08-18 20:23:24.709 17587 17587 I Toast   : show: caller = com.sdrradio.app.MainActivity.connectDevice:297 
08-18 20:23:24.709 17587 17587 I Toast   : show: contextDispId = 0 mCustomDisplayId = -1 focusedDisplayId = 0 isActivityContext = true
08-18 20:23:24.712  1519  2934 W ContextImpl: Calling a method in the system process without a qualified user: android.app.ContextImpl.sendBroadcast:1281 com.android.server.notification.sec.DisplayToast.sendIntentForToastDumpLog:156 com.android.server.notification.sec.DisplayToast.outFile:106 com.android.server.notification.sec.DisplayToast.out:62 com.android.server.notification.NotificationManagerService$15.enqueueToastForDex:5125 
08-18 20:23:24.843 17587 17587 I ViewRootImpl@da5e40d[MainActivity]: ViewPostIme pointer 0
08-18 20:23:24.847   950   950 I BufferQueueProducer: [com.sdrradio.app/com.sdrradio.app.MainActivity$_17587#40772](this:0xb4000074aa569ba0,id:-1,api:0,p:-1,c:950) queueBuffer: fps=50.51 dur=1009.75 max=166.13 min=16.21
08-18 20:23:24.917 17587 17587 I ViewRootImpl@da5e40d[MainActivity]: ViewPostIme pointer 1
08-18 20:23:24.936 17587 17587 D MainActivity: Tentando conectar dispositivo...
08-18 20:23:24.936 17587 17587 E MainActivity: Nenhum dispositivo RTL-SDR encontrado
08-18 20:23:24.942 17587 17587 I Toast   : show: caller = com.sdrradio.app.MainActivity.connectDevice:297 
08-18 20:23:24.942 17587 17587 I Toast   : show: contextDispId = 0 mCustomDisplayId = -1 focusedDisplayId = 0 isActivityContext = true
08-18 20:23:24.945  1519  2225 W ContextImpl: Calling a method in the system process without a qualified user: android.app.ContextImpl.sendBroadcast:1281 com.android.server.notification.sec.DisplayToast.sendIntentForToastDumpLog:156 com.android.server.notification.sec.DisplayToast.outFile:106 com.android.server.notification.sec.DisplayToast.out:62 com.android.server.notification.NotificationManagerService$15.enqueueToastForDex:5125 
08-18 20:23:25.027 17587 17587 I ViewRootImpl@da5e40d[MainActivity]: ViewPostIme pointer 0
08-18 20:23:25.081  1519  1548 I WindowManager: Reparenting to original parent: Surface(name=WindowToken{4aa7351 type=2005 android.os.Binder@f1b8078})/@0x28a1add, destroy=true, surface=Surface(name=25c6a08 Toast)/@0x3521eb4
08-18 20:23:25.098  1519  1548 I WindowManager: Destroying surface Surface(name=Toast$_2053)/@0xaec754d called by com.android.server.wm.WindowStateAnimator.destroySurface:799 com.android.server.wm.WindowStateAnimator.destroySurfaceLocked:472 com.android.server.wm.WindowState.removeImmediately:2937 com.android.server.wm.WindowState.handleCompleteDeferredRemoval:5780 com.android.server.wm.WindowContainer.handleCompleteDeferredRemoval:1476 com.android.server.wm.WindowContainer.handleCompleteDeferredRemoval:1476 com.android.server.wm.WindowContainer.handleCompleteDeferredRemoval:1476 com.android.server.wm.WindowContainer.handleCompleteDeferredRemoval:1476 
08-18 20:23:25.104   950   950 D SurfaceFlinger:      DEVICE | 0xb4000074afdd6640 | 0102 | RGBA_8888    |    0.0    0.0 1080.0 2340.0 |    0    0 1080 2340 | com.sdrradio.app/com.sdrradio.app.MainActivity$_17587#40772
08-18 20:23:25.104   950   950 D SurfaceFlinger:      DEVICE | 0xb4000074ab26f980 | 0100 | RGBA_8888    |    0.0    0.0  682.0  116.0 |  199 2017  881 2133 | Toast$_2053#40820
08-18 20:23:25.113   950   950 I Layer   : id=40813 removeFromCurrentState 25c6a08 Toast#40813 (231)
08-18 20:23:25.113   950   950 I Layer   : id=40814 removeFromCurrentState Toast$_2053#40814 (231)
08-18 20:23:25.114   950   950 I Layer   : id=40818 removeFromCurrentState Surface(name=25c6a08 Toast)/@0x3521eb4 - animation-leash of window_animation#40818 (231)
08-18 20:23:25.114   950   950 I Layer   : Layer [Toast$_2053#40814] hidden!! flag(1)
08-18 20:23:25.114   950   950 I Layer   : id=40814 removeFromCurrentState Toast$_2053#40814 (231)
08-18 20:23:25.115   950   950 I SurfaceFlinger: id=40814 Removed Toast$_2053#40814 (231)
08-18 20:23:25.115   950   950 I SurfaceFlinger: id=40818 Removed Surface(name=25c6a08 Toast)/@0x3521eb4 - animation-leash of window_animation#40818 (231)
08-18 20:23:25.115   950   950 I SurfaceFlinger: id=40813 Removed 25c6a08 Toast#40813 (231)
08-18 20:23:25.122 17587 17587 I ViewRootImpl@da5e40d[MainActivity]: ViewPostIme pointer 1
08-18 20:23:25.130   950   950 I BufferQueueDebug: [Toast$_2053#40814](this:0xb4000074aa564ba0,id:-1,api:0,p:-1,c:950) onDestructor()
08-18 20:23:25.130   950   950 I Layer   : id=40814 Destroyed Toast$_2053#40814
08-18 20:23:25.130   950   950 I BufferQueueDebug: [25c6a08 Toast#40813](this:0xb4000074aa644ba0,id:-1,api:0,p:-1,c:950) onDestructor()
08-18 20:23:25.130   950   950 I Layer   : id=40813 Destroyed 25c6a08 Toast#40813
08-18 20:23:25.130   950   950 I BufferQueueDebug: [Surface(name=25c6a08 Toast)/@0x3521eb4 - animation-leash of window_animation#40818](this:0xb4000074b001fba0,id:-1,api:0,p:-1,c:950) onDestructor()
08-18 20:23:25.130   950   950 I Layer   : id=40818 Destroyed Surface(name=25c6a08 Toast)/@0x3521eb4 - animation-leash of window_animation#40818
08-18 20:23:25.136 17587 17587 D MainActivity: Tentando conectar dispositivo...
08-18 20:23:25.136 17587 17587 E MainActivity: Nenhum dispositivo RTL-SDR encontrado
08-18 20:23:25.142 17587 17587 I Toast   : show: caller = com.sdrradio.app.MainActivity.connectDevice:297 
08-18 20:23:25.142 17587 17587 I Toast   : show: contextDispId = 0 mCustomDisplayId = -1 focusedDisplayId = 0 isActivityContext = true
08-18 20:23:25.145  1519  2225 W ContextImpl: Calling a method in the system process without a qualified user: android.app.ContextImpl.sendBroadcast:1281 com.android.server.notification.sec.DisplayToast.sendIntentForToastDumpLog:156 com.android.server.notification.sec.DisplayToast.outFile:106 com.android.server.notification.sec.DisplayToast.out:62 com.android.server.notification.NotificationManagerService$15.enqueueToastForDex:5125 
08-18 20:23:25.147  1519  1548 I WindowManager: Reparenting to original parent: Surface(name=WindowToken{50f0745 type=2005 android.os.Binder@deedbbc})/@0x2758c68, destroy=true, surface=Surface(name=3265f6f Toast)/@0x3e3838b
08-18 20:23:25.164   950   950 I Layer   : id=40821 removeFromCurrentState Surface(name=3265f6f Toast)/@0x3e3838b - animation-leash of window_animation#40821 (228)
08-18 20:23:25.165   950   950 I SurfaceFlinger: id=40821 Removed Surface(name=3265f6f Toast)/@0x3e3838b - animation-leash of window_animation#40821 (228)
08-18 20:23:25.180   950   950 I BufferQueueDebug: [Surface(name=3265f6f Toast)/@0x3e3838b - animation-leash of window_animation#40821](this:0xb4000074aa5aaba0,id:-1,api:0,p:-1,c:950) onDestructor()
08-18 20:23:25.181   950   950 I Layer   : id=40821 Destroyed Surface(name=3265f6f Toast)/@0x3e3838b - animation-leash of window_animation#40821
08-18 20:23:25.190 17587 17587 I ViewRootImpl@da5e40d[MainActivity]: ViewPostIme pointer 0
08-18 20:23:25.245 16299 16475 I [-0300]oneconnect[1.8.34.21_01][CORE]: DataConvert.parseBleVd - deviceBle : |name:|deviceType:TV|discoverType:_BLE|services:None|connected:false[TvStatusString]POWER_OFF[TvStatus]-128[TvService]102[TvMirrorChannel]1[TvRegisteredDB][-40, -1, -56, -119, 87, 0][TvYear]2016[TvOcfInfo]0[TvAcmStatus]0[ExTvStatus]0[ExtendedStatus]-1[ModuloSn]-1
08-18 20:23:25.279 17587 17587 I ViewRootImpl@da5e40d[MainActivity]: ViewPostIme pointer 1
08-18 20:23:25.285 17587 17587 D MainActivity: Tentando conectar dispositivo...
08-18 20:23:25.285 17587 17587 E MainActivity: Nenhum dispositivo RTL-SDR encontrado
08-18 20:23:25.290 17587 17587 I Toast   : show: caller = com.sdrradio.app.MainActivity.connectDevice:297 
08-18 20:23:25.291 17587 17587 I Toast   : show: contextDispId = 0 mCustomDisplayId = -1 focusedDisplayId = 0 isActivityContext = true
08-18 20:23:25.294  1519  2934 W ContextImpl: Calling a method in the system process without a qualified user: android.app.ContextImpl.sendBroadcast:1281 com.android.server.notification.sec.DisplayToast.sendIntentForToastDumpLog:156 com.android.server.notification.sec.DisplayToast.outFile:106 com.android.server.notification.sec.DisplayToast.out:62 com.android.server.notification.NotificationManagerService$15.enqueueToastForDex:5125 
08-18 20:23:25.387 17587 17587 I ViewRootImpl@da5e40d[MainActivity]: ViewPostIme pointer 0
08-18 20:23:25.397 16299 16475 I [-0300]oneconnect[1.8.34.21_01][CORE]: DataConvert.parseBleVd - deviceBle : |name:|deviceType:TV|discoverType:_BLE|services:None|connected:false[TvStatusString]POWER_OFF[TvStatus]-128[TvService]102[TvMirrorChannel]1[TvRegisteredDB][-40, -1, -56, -119, 87, 0][TvYear]2016[TvOcfInfo]0[TvAcmStatus]0[ExTvStatus]0[ExtendedStatus]-1[ModuloSn]-1
08-18 20:23:25.464 17587 17587 I ViewRootImpl@da5e40d[MainActivity]: ViewPostIme pointer 1
08-18 20:23:25.472 17587 17587 D MainActivity: Tentando conectar dispositivo...
08-18 20:23:25.472 17587 17587 E MainActivity: Nenhum dispositivo RTL-SDR encontrado
08-18 20:23:25.477 17587 17587 I Toast   : show: caller = com.sdrradio.app.MainActivity.connectDevice:297 
08-18 20:23:25.478 17587 17587 I Toast   : show: contextDispId = 0 mCustomDisplayId = -1 focusedDisplayId = 0 isActivityContext = true
08-18 20:23:25.481  1519  2934 W ContextImpl: Calling a method in the system process without a qualified user: android.app.ContextImpl.sendBroadcast:1281 com.android.server.notification.sec.DisplayToast.sendIntentForToastDumpLog:156 com.android.server.notification.sec.DisplayToast.outFile:106 com.android.server.notification.sec.DisplayToast.out:62 com.android.server.notification.NotificationManagerService$15.enqueueToastForDex:5125 
08-18 20:23:25.585 17587 17587 I ViewRootImpl@da5e40d[MainActivity]: ViewPostIme pointer 0
08-18 20:23:25.639 17587 17587 I ViewRootImpl@da5e40d[MainActivity]: ViewPostIme pointer 1
08-18 20:23:25.651 17587 17587 D MainActivity: Tentando conectar dispositivo...
08-18 20:23:25.651 17587 17587 E MainActivity: Nenhum dispositivo RTL-SDR encontrado
08-18 20:23:25.656 17587 17587 I Toast   : show: caller = com.sdrradio.app.MainActivity.connectDevice:297 
08-18 20:23:25.657 17587 17587 I Toast   : show: contextDispId = 0 mCustomDisplayId = -1 focusedDisplayId = 0 isActivityContext = true
