08-18 20:23:12.071 12772 17162 W FusedLocation: mock location injection by 10406/com.just4funtools.fakegpslocationprofessional failed (not in mock mode) [CONTEXT service_id=6 ]
08-18 20:23:12.290 16299 16475 I [-0300]oneconnect[1.8.34.21_01][CORE]: DataConvert.parseBleVd - deviceBle : |name:|deviceType:TV|discoverType:_BLE|services:None|connected:false[TvStatusString]POWER_OFF[TvStatus]-128[TvService]102[TvMirrorChannel]1[TvRegisteredDB][-40, -1, -56, -119, 87, 0][TvYear]2016[TvOcfInfo]0[TvAcmStatus]0[ExTvStatus]0[ExtendedStatus]-1[ModuloSn]-1
08-18 20:23:14.037  3996  5417 I SDHMS:C : SIOP:: AP:399 BAT:353 USB:353 CHG:407 PA:397 WIFI:393 BLK:0 SUBBAT:0 SKIN:372 SKINF:365 SKINB:372 LRP:372 LRP2:372 LRF2:365 LRB2:372 AP2:372 CHG2:359 MEM2:372 WIFI2:372 SPK2:339 VAP05:412 
08-18 20:23:14.129 16299 16475 I [-0300]oneconnect[1.8.34.21_01][CORE]: DataConvert.parseBleVd - deviceBle : |name:|deviceType:TV|discoverType:_BLE|services:None|connected:false[TvStatusString]POWER_OFF[TvStatus]-128[TvService]102[TvMirrorChannel]1[TvRegisteredDB][-40, -1, -56, -119, 87, 0][TvYear]2016[TvOcfInfo]0[TvAcmStatus]0[ExTvStatus]0[ExtendedStatus]-1[ModuloSn]-1
08-18 20:23:14.232 10473 11009 W System.err: 	at okhttp3.internal.connection.f.a(SourceFile:394)
08-18 20:23:14.232 10473 11009 W System.err: 	at okhttp3.internal.connection.a.intercept(SourceFile:62)
08-18 20:23:14.232 10473 11009 W System.err: 	at com.mercadolibre.android.errorhandler.v2.tracks.traceability.c.intercept(SourceFile:5)
08-18 20:23:14.233 10473 11009 W System.err: 	at okhttp3.internal.connection.j.g(SourceFile:96)
08-18 20:23:14.233 10473 11009 W System.err: 	at okhttp3.internal.connection.g.run(SourceFile:137)
08-18 20:23:14.233 10473 11009 W System.err: Caused by: android.system.GaiException: android_getaddrinfo failed: EAI_NODATA (No address associated with hostname)
08-18 20:23:14.328   885  1118 I hwcomposer: [DRMDEV] (0) failed to waitNextVsync: -1  
08-18 20:23:14.331 17587 17587 I ViewRootImpl@da5e40d[MainActivity]: ViewPostIme pointer 0
08-18 20:23:14.337   885  1118 I hwcomposer: [DRMDEV] (0) failed to waitNextVsync: -1  
08-18 20:23:14.353   885  1118 I hwcomposer: [DRMDEV] (0) failed to waitNextVsync: -1  
08-18 20:23:14.370   885  1118 I hwcomposer: [DRMDEV] (0) failed to waitNextVsync: -1  
08-18 20:23:14.387   885  1118 I hwcomposer: [DRMDEV] (0) failed to waitNextVsync: -1  
08-18 20:23:14.403   885  1118 I hwcomposer: [DRMDEV] (0) failed to waitNextVsync: -1  
08-18 20:23:14.420   885  1118 I hwcomposer: [DRMDEV] (0) failed to waitNextVsync: -1  
08-18 20:23:14.451 17587 17587 I ViewRootImpl@da5e40d[MainActivity]: ViewPostIme pointer 1
08-18 20:23:14.453 17587 17587 D MainActivity: Tentando conectar dispositivo...
08-18 20:23:14.453 17587 17587 E MainActivity: Nenhum dispositivo RTL-SDR encontrado
08-18 20:23:14.458 17587 17587 I Toast   : show: caller = com.sdrradio.app.MainActivity.connectDevice:297 
08-18 20:23:14.458 17587 17587 I Toast   : show: contextDispId = 0 mCustomDisplayId = -1 focusedDisplayId = 0 isActivityContext = true
08-18 20:23:14.460  1519  2934 W ContextImpl: Calling a method in the system process without a qualified user: android.app.ContextImpl.sendBroadcast:1281 com.android.server.notification.sec.DisplayToast.sendIntentForToastDumpLog:156 com.android.server.notification.sec.DisplayToast.outFile:106 com.android.server.notification.sec.DisplayToast.out:62 com.android.server.notification.NotificationManagerService$15.enqueueToastForDex:5125 
08-18 20:23:14.470   950   950 I BufferQueueProducer: [com.sdrradio.app/com.sdrradio.app.MainActivity$_17587#40772](this:0xb4000074aa569ba0,id:-1,api:0,p:-1,c:950) queueBuffer: fps=2.69 dur=9650.18 max=9231.27 min=15.97
08-18 20:23:14.487  2053  2053 V ToastPresenter: yOffset = 168
08-18 20:23:14.487  2053  2053 V ToastPresenter: Text: Oenh in android.widget.ToastPresenter@6b246fb
08-18 20:23:14.487  2053  2053 I WindowManager: WindowManagerGlobal#addView, ty=2005, view=android.widget.LinearLayout{caae318 V.E...... ......I. 0,0-0,0}, caller=android.view.WindowManagerImpl.addView:150 android.widget.ToastPresenter.addToastView:414 android.widget.ToastPresenter.show:335 
08-18 20:23:14.495   950  1328 E BufferQueueDebug: [78bf32c Toast#40797](this:0xb4000074aa549ba0,id:-1,api:0,p:-1,c:-1) id info cannot be read from '78bf32c Toast#40797'
08-18 20:23:14.495   950  1328 I BufferQueueDebug: [78bf32c Toast#40797](this:0xb4000074aa549ba0,id:-1,api:0,p:-1,c:-1) BufferQueue core=(950:/system/bin/surfaceflinger)
08-18 20:23:14.495   950  1328 I SurfaceFlinger: id=40797 createSurf, flag=84004, 78bf32c Toast#40797
08-18 20:23:14.498  2053  2053 I InsetsController: onStateChanged: host=Toast, from=android.view.ViewRootImpl.setView:1753, state=InsetsState: {mDisplayFrame=Rect(0, 0 - 1080, 2340), mDisplayCutout=DisplayCutout{insets=Rect(0, 80 - 0, 0) waterfall=Insets{left=0, top=0, right=0, bottom=0} boundingRect={Bounds=[Rect(0, 0 - 0, 0), Rect(472, 0 - 608, 80), Rect(0, 0 - 0, 0), Rect(0, 0 - 0, 0)]} cutoutPathParserInfo={CutoutPathParserInfo{displayWidth=1080 displayHeight=2340 physicalDisplayWidth=1080 physicalDisplayHeight=2340 density={2.8125} cutoutSpec={M 0,0 H -24.177777778 V 28.4444444444 H 24.177777778 V 0 H 0 Z @dp} rotation={0} scale={1.0} physicalPixelDisplaySizeRatio={1.0}}}}, mRoundedCorners=RoundedCorners{[RoundedCorner{position=TopLeft, radius=0, center=Point(0, 0)}, RoundedCorner{position=TopRight, radius=0, center=Point(0, 0)}, RoundedCorner{position=BottomRight, radius=0, center=Point(0, 0)}, RoundedCorner{position=BottomLeft, radius=0, center=Point(0, 0)}]}  mRoundedCornerFrame=Rect(0, 0 - 0, 0), mPrivacyIndicatorBounds=PrivacyIndicatorBounds {static bounds=Rect(964, 0 - 1080, 80) rotation=0}, mDisplayShape=DisplayShape{ spec=-311912193 displayWidth=1080 displayHeight=2340 physicalPixelDisplaySizeRatio=1.0 rotation=0 offsetX=0 offsetY=0 scale=1.0}, mSources= { InsetsSource: {e3260001 mType=navigationBars mFrame=[0,2301][1080,2340] mVisible=true mFlags=[SUPPRESS_SCRIM]}, InsetsSource: {e3260004 mType=systemGestures mFrame=[0,0][78,2340] mVisible=true mFlags=[]}, InsetsSource: {e3260005 mType=mandatorySystemGestures mFrame=[0,2256][1080,2340] mVisible=true mFlags=[]}, InsetsSource: {e3260006 mType=tappableElement mFrame=[0,0][0,0] mVisible=true mFlags=[]}, InsetsSource: {e3260024 mType=systemGestures mFrame=[1002,0][1080,2340] mVisible=true mFlags=[]}, InsetsSource: {3 mType=ime mFrame=[0,0][0,0] mVisible=false mFlags=[]}, InsetsSource: {27 mType=displayCutout mFrame=[0,0][1080,80] mVisible=true mFlags=[]}, InsetsSource: {737f0000 mType=statusBars mFrame=[0,0][1080,80] mVisible=true mFlags=[]}, InsetsSource: {737f0005 mType=mandatorySystemGestures mFrame=[0,0][1080,112] mVisible=true mFlags=[]}, InsetsSource: {737f0006 mType=tappableElement mFrame=[0,0][1080,80] mVisible=true mFlags=[]} }
08-18 20:23:14.499  2053  2053 I ViewRootImpl@2843171[Toast]: synced displayState. AttachInfo displayState=2
08-18 20:23:14.499  2053  2053 I ViewRootImpl@2843171[Toast]: setView = android.widget.LinearLayout@caae318 TM=true
08-18 20:23:14.502  1519  4466 D CoreBackPreview: Window{78bf32c u0 Toast}: Setting back callback OnBackInvokedCallbackInfo{mCallback=android.window.IOnBackInvokedCallback$Stub$Proxy@6634b8a, mPriority=0, mIsAnimationCallback=false}
08-18 20:23:14.502  1519  2934 V WindowManager: Relayout Window{78bf32c u0 Toast}: viewVisibility=0 req=822x116 ty=2005 d0
08-18 20:23:14.503   950  1332 E BufferQueueDebug: [Toast$_2053#40798](this:0xb4000074aa641ba0,id:-1,api:0,p:-1,c:-1) id info cannot be read from 'Toast$_2053#40798'
08-18 20:23:14.503   950  1332 I BufferQueueDebug: [Toast$_2053#40798](this:0xb4000074aa641ba0,id:-1,api:0,p:-1,c:-1) BufferQueue core=(950:/system/bin/surfaceflinger)
08-18 20:23:14.504   950  1332 I SurfaceFlinger: id=40798 createSurf, flag=44004, Toast$_2053#40798
08-18 20:23:14.505  1519  2934 D WindowManager: makeSurface duration=3 name=Toast$_2053
08-18 20:23:14.512  2053  2053 D BufferQueueConsumer: [](id:805000008be,api:0,p:-1,c:2053) connect: controlledByApp=false
08-18 20:23:14.513  2053  2053 I BLASTBufferQueue_Java: new BLASTBufferQueue, mName= ViewRootImpl@2843171[Toast] mNativeObject= 0xb400006dc4bc2f80 sc.mNativeObject= 0xb400006df0839180 caller= android.view.ViewRootImpl.updateBlastSurfaceIfNeeded:3028 android.view.ViewRootImpl.relayoutWindow:10131 android.view.ViewRootImpl.performTraversals:4110 android.view.ViewRootImpl.doTraversal:3288 android.view.ViewRootImpl$TraversalRunnable.run:11344 android.view.Choreographer$CallbackRecord.run:1689 android.view.Choreographer$CallbackRecord.run:1698 android.view.Choreographer.doCallbacks:1153 android.view.Choreographer.doFrame:1079 android.view.Choreographer$FrameDisplayEventReceiver.run:1646 
08-18 20:23:14.513  2053  2053 I BLASTBufferQueue_Java: update, w= 822 h= 116 mName = ViewRootImpl@2843171[Toast] mNativeObject= 0xb400006dc4bc2f80 sc.mNativeObject= 0xb400006df0839180 format= -3 caller= android.graphics.BLASTBufferQueue.<init>:89 android.view.ViewRootImpl.updateBlastSurfaceIfNeeded:3028 android.view.ViewRootImpl.relayoutWindow:10131 android.view.ViewRootImpl.performTraversals:4110 android.view.ViewRootImpl.doTraversal:3288 android.view.ViewRootImpl$TraversalRunnable.run:11344 
08-18 20:23:14.513  2053  2053 I ViewRootImpl@2843171[Toast]: Relayout returned: old=(0,80,1080,2301) new=(129,2017,951,2133) relayoutAsync=false req=(822,116)0 dur=11 res=0x3 s={true 0xb400006dc4e88800} ch=true seqId=0
08-18 20:23:14.514  2053  2053 I ViewRootImpl@2843171[Toast]: performConfigurationChange setNightDimText nightDimLevel=0
08-18 20:23:14.514  2053  2053 D ViewRootImpl@2843171[Toast]: mThreadedRenderer.initialize() mSurface={isValid=true 0xb400006dc4e88800} hwInitialized=true
08-18 20:23:14.515  2053  2053 D ViewRootImpl@2843171[Toast]: reportNextDraw android.view.ViewRootImpl.performTraversals:4718 android.view.ViewRootImpl.doTraversal:3288 android.view.ViewRootImpl$TraversalRunnable.run:11344 android.view.Choreographer$CallbackRecord.run:1689 android.view.Choreographer$CallbackRecord.run:1698 
08-18 20:23:14.515  2053  2053 I ViewRootImpl@2843171[Toast]: Setup new sync=wmsSync-ViewRootImpl@2843171[Toast]#71
08-18 20:23:14.515  2053  2053 I ViewRootImpl@2843171[Toast]: Creating new active sync group ViewRootImpl@2843171[Toast]#72
08-18 20:23:14.516  2053  2053 I ViewRootImpl@2843171[Toast]: registerCallbacksForSync syncBuffer=false
08-18 20:23:14.518  2053  2806 I ViewRootImpl@2843171[Toast]: Received frameDrawingCallback syncResult=0 frameNum=1.
08-18 20:23:14.518  2053  2806 I ViewRootImpl@2843171[Toast]: mWNT: t=0xb400006dc49eb980 mBlastBufferQueue=0xb400006dc4bc2f80 fn= 1 mRenderHdrSdrRatio=1.0 caller= android.view.ViewRootImpl$8.onFrameDraw:13841 android.view.ThreadedRenderer$1.onFrameDraw:792 <bottom of call stack> 
08-18 20:23:14.518  2053  2806 I ViewRootImpl@2843171[Toast]: Setting up sync and frameCommitCallback
08-18 20:23:14.525  2053  2217 D BLASTBufferQueue: [ViewRootImpl@2843171[Toast]#2233](f:0,a:0) onFrameAvailable the first frame is available
08-18 20:23:14.526  2053  2217 D BLASTBufferQueue: [ViewRootImpl@2843171[Toast]#2233](f:0,a:1) acquireNextBufferLocked size=822x116 mFrameNumber=1 applyTransaction=true mTimestamp=316875511908347(auto) mPendingTransactions.size=0 graphicBufferId=8817567885330 transform=0
08-18 20:23:14.527  2053  2217 I ViewRootImpl@2843171[Toast]: Received frameCommittedCallback lastAttemptedDrawFrameNum=1 didProduceBuffer=true
08-18 20:23:14.529  2053  2053 I ViewRootImpl@2843171[Toast]: reportDrawFinished seqId=0
08-18 20:23:14.529  1519  2934 D WindowManager: finishDrawingWindow: Window{78bf32c u0 Toast} mDrawState=DRAW_PENDING seqId=0
08-18 20:23:14.532  1519  1548 I WindowManager: Reparenting to leash, surface=Surface(name=78bf32c Toast)/@0x765fb, leashParent=Surface(name=WindowToken{1976700 type=2005 android.os.Binder@7c04983})/@0xf5b1618
08-18 20:23:14.533   950  1328 E BufferQueueDebug: [Surface(name=78bf32c Toast)/@0x765fb - animation-leash of window_animation#40799](this:0xb4000074aa408ba0,id:-1,api:0,p:-1,c:-1) id info cannot be read from 'Surface(name=78bf32c Toast)/@0x765fb - animation-leash of window_animation#40799'
08-18 20:23:14.533   950  1328 I BufferQueueDebug: [Surface(name=78bf32c Toast)/@0x765fb - animation-leash of window_animation#40799](this:0xb4000074aa408ba0,id:-1,api:0,p:-1,c:-1) BufferQueue core=(950:/system/bin/surfaceflinger)
08-18 20:23:14.534   950  1328 I SurfaceFlinger: id=40799 createSurf, flag=24004, Surface(name=78bf32c Toast)/@0x765fb - animation-leash of window_animation#40799
08-18 20:23:14.535  1519  1548 D WindowManager: makeSurface duration=3 leash=Surface(name=Surface(name=78bf32c Toast)/@0x765fb - animation-leash of window_animation)/@0x913e871
08-18 20:23:14.535  1519  1548 V WindowManager: performShowLocked: mDrawState=HAS_DRAWN in Window{78bf32c u0 Toast}
08-18 20:23:14.544   950   950 I Layer   : Layer [Toast$_2053#40798] hidden!! flag(0)
08-18 20:23:14.584   950   950 D SurfaceFlinger:      DEVICE | 0xb4000074aa93aa80 | 0102 | RGBA_8888    |    0.0    0.0 1080.0 2340.0 |    0    0 1080 2340 | com.sdrradio.app/com.sdrradio.app.MainActivity$_17587#40772
08-18 20:23:14.584   950   950 D SurfaceFlinger:      DEVICE | 0xb4000074ab26e440 | 0100 | RGBA_8888    |    0.0    0.0  822.0  116.0 |  129 2017  951 2133 | Toast$_2053#40798
08-18 20:23:14.626 12772 17162 W FusedLocation: mock location injection by 10406/com.just4funtools.fakegpslocationprofessional failed (not in mock mode) [CONTEXT service_id=6 ]
08-18 20:23:15.045  1519  1548 I WindowManager: Reparenting to original parent: Surface(name=WindowToken{1976700 type=2005 android.os.Binder@7c04983})/@0xf5b1618, destroy=true, surface=Surface(name=78bf32c Toast)/@0x765fb
08-18 20:23:15.060   950   950 I Layer   : id=40799 removeFromCurrentState Surface(name=78bf32c Toast)/@0x765fb - animation-leash of window_animation#40799 (220)
08-18 20:23:15.063   950   950 I SurfaceFlinger: id=40799 Removed Surface(name=78bf32c Toast)/@0x765fb - animation-leash of window_animation#40799 (220)
08-18 20:23:15.078   950   950 I BufferQueueDebug: [Surface(name=78bf32c Toast)/@0x765fb - animation-leash of window_animation#40799](this:0xb4000074aa408ba0,id:-1,api:0,p:-1,c:950) onDestructor()
08-18 20:23:15.078   950   950 I Layer   : id=40799 Destroyed Surface(name=78bf32c Toast)/@0x765fb - animation-leash of window_animation#40799
08-18 20:23:15.627 17587 17587 I ViewRootImpl@da5e40d[MainActivity]: ViewPostIme pointer 0
08-18 20:23:15.752 17587 17587 I ViewRootImpl@da5e40d[MainActivity]: ViewPostIme pointer 1
08-18 20:23:15.755 17587 17587 D MainActivity: Tentando conectar dispositivo...
08-18 20:23:15.755 17587 17587 E MainActivity: Nenhum dispositivo RTL-SDR encontrado
08-18 20:23:15.759   950   950 I BufferQueueProducer: [com.sdrradio.app/com.sdrradio.app.MainActivity$_17587#40772](this:0xb4000074aa569ba0,id:-1,api:0,p:-1,c:950) queueBuffer: fps=18.63 dur=1288.25 max=898.60 min=15.67
08-18 20:23:15.761 17587 17587 I Toast   : show: caller = com.sdrradio.app.MainActivity.connectDevice:297 
08-18 20:23:15.761 17587 17587 I Toast   : show: contextDispId = 0 mCustomDisplayId = -1 focusedDisplayId = 0 isActivityContext = true
08-18 20:23:15.764  1519  4466 W ContextImpl: Calling a method in the system process without a qualified user: android.app.ContextImpl.sendBroadcast:1281 com.android.server.notification.sec.DisplayToast.sendIntentForToastDumpLog:156 com.android.server.notification.sec.DisplayToast.outFile:106 com.android.server.notification.sec.DisplayToast.out:62 com.android.server.notification.NotificationManagerService$15.enqueueToastForDex:5125 
08-18 20:23:15.968 16299 16475 I [-0300]oneconnect[1.8.34.21_01][CORE]: DataConvert.parseBleVd - deviceBle : |name:|deviceType:TV|discoverType:_BLE|services:None|connected:false[TvStatusString]POWER_OFF[TvStatus]-128[TvService]102[TvMirrorChannel]1[TvRegisteredDB][-40, -1, -56, -119, 87, 0][TvYear]2016[TvOcfInfo]0[TvAcmStatus]0[ExTvStatus]0[ExtendedStatus]-1[ModuloSn]-1
08-18 20:23:16.124 16299 16475 I [-0300]oneconnect[1.8.34.21_01][CORE]: DataConvert.parseBleVd - deviceBle : |name:|deviceType:TV|discoverType:_BLE|services:None|connected:false[TvStatusString]POWER_OFF[TvStatus]-128[TvService]102[TvMirrorChannel]1[TvRegisteredDB][-40, -1, -56, -119, 87, 0][TvYear]2016[TvOcfInfo]0[TvAcmStatus]0[ExTvStatus]0[ExtendedStatus]-1[ModuloSn]-1
08-18 20:23:16.532 17587 17587 I ViewRootImpl@da5e40d[MainActivity]: ViewPostIme pointer 0
08-18 20:23:16.680 17587 17587 I ViewRootImpl@da5e40d[MainActivity]: ViewPostIme pointer 1
08-18 20:23:16.682 17587 17587 D MainActivity: Tentando conectar dispositivo...
08-18 20:23:16.682 17587 17587 E MainActivity: Nenhum dispositivo RTL-SDR encontrado
08-18 20:23:16.688 17587 17587 I Toast   : show: caller = com.sdrradio.app.MainActivity.connectDevice:297 
08-18 20:23:16.689 17587 17587 I Toast   : show: contextDispId = 0 mCustomDisplayId = -1 focusedDisplayId = 0 isActivityContext = true
08-18 20:23:16.692  1519  1535 W ContextImpl: Calling a method in the system process without a qualified user: android.app.ContextImpl.sendBroadcast:1281 com.android.server.notification.sec.DisplayToast.sendIntentForToastDumpLog:156 com.android.server.notification.sec.DisplayToast.outFile:106 com.android.server.notification.sec.DisplayToast.out:62 com.android.server.notification.NotificationManagerService$15.enqueueToastForDex:5125 
08-18 20:23:16.774   950   950 I BufferQueueProducer: [com.sdrradio.app/com.sdrradio.app.MainActivity$_17587#40772](this:0xb4000074aa569ba0,id:-1,api:0,p:-1,c:950) queueBuffer: fps=30.53 dur=1015.53 max=515.92 min=16.27
08-18 20:23:16.800  2053  2053 I WindowManager: WindowManagerGlobal#removeView, ty=2005, view=android.widget.LinearLayout{caae318 V.E...... ........ 0,0-822,116}, caller=android.view.WindowManagerGlobal.removeView:628 android.view.WindowManagerImpl.removeViewImmediate:208 android.widget.ToastPresenter.hide:358 
08-18 20:23:16.801  1519  1535 D CoreBackPreview: Window{78bf32c u0 Toast}: Setting back callback null
08-18 20:23:16.805  2053  2053 I ViewRootImpl@2843171[Toast]: dispatchDetachedFromWindow
08-18 20:23:16.805  2053  2053 D BLASTBufferQueue: [ViewRootImpl@2843171[Toast]#2233](f:0,a:1) destructor()
08-18 20:23:16.805  2053  2053 D BufferQueueConsumer: [ViewRootImpl@2843171[Toast]#2233(BLAST Consumer)2233](id:805000008be,api:0,p:-1,c:2053) disconnect
08-18 20:23:16.806  1519  1535 W InputManager-JNI: Input channel object '78bf32c Toast (client)' was disposed without first being removed with the input manager!
08-18 20:23:16.807  1519  1535 V WindowManager: Remove Window{78bf32c u0 Toast}: mSurfaceController=Surface(name=Toast$_2053)/@0x15ecfe1 mAnimatingExit=false mRemoveOnExit=false mHasSurface=true surfaceShowing=true animating=false app-animation=false mDisplayFrozen=false callers=com.android.server.wm.WindowManagerService.removeWindow:2148 com.android.server.wm.Session.remove:257 android.view.IWindowSession$Stub.onTransact:747 com.android.server.wm.Session.onTransact:204 android.os.Binder.execTransactInternal:1380 android.os.Binder.execTransact:1311 
08-18 20:23:16.807  1519  1535 I WindowManager: Reparenting to leash, surface=Surface(name=78bf32c Toast)/@0x765fb, leashParent=Surface(name=WindowToken{1976700 type=2005 android.os.Binder@7c04983})/@0xf5b1618
08-18 20:23:16.808   950  1328 E BufferQueueDebug: [Surface(name=78bf32c Toast)/@0x765fb - animation-leash of window_animation#40802](this:0xb4000074aa45bba0,id:-1,api:0,p:-1,c:-1) id info cannot be read from 'Surface(name=78bf32c Toast)/@0x765fb - animation-leash of window_animation#40802'
08-18 20:23:16.808   950  1328 I BufferQueueDebug: [Surface(name=78bf32c Toast)/@0x765fb - animation-leash of window_animation#40802](this:0xb4000074aa45bba0,id:-1,api:0,p:-1,c:-1) BufferQueue core=(950:/system/bin/surfaceflinger)
08-18 20:23:16.808   950  1328 I SurfaceFlinger: id=40802 createSurf, flag=24000, Surface(name=78bf32c Toast)/@0x765fb - animation-leash of window_animation#40802
08-18 20:23:16.810  1519  1535 D WindowManager: makeSurface duration=2 leash=Surface(name=Surface(name=78bf32c Toast)/@0x765fb - animation-leash of window_animation)/@0x1bb4106
08-18 20:23:16.811  1519  1535 V WindowManager: removeIfPossible 2, Window{78bf32c u0 Toast}: mAnimatingExit=true caller=com.android.server.wm.WindowManagerService.removeWindow:2148 com.android.server.wm.Session.remove:257 android.view.IWindowSession$Stub.onTransact:747 com.android.server.wm.Session.onTransact:204 android.os.Binder.execTransactInternal:1380 
08-18 20:23:16.815  1519  1535 W NotificationService: Toast already killed. pkg=com.sdrradio.app token=android.os.BinderProxy@b2eb3c7
08-18 20:23:16.822 17587 17587 I ViewRootImpl@da5e40d[MainActivity]: ViewPostIme pointer 0
08-18 20:23:16.830  2053  2053 V ToastPresenter: yOffset = 168
08-18 20:23:16.830  2053  2053 V ToastPresenter: Text: Oenh in android.widget.ToastPresenter@ba55fde
08-18 20:23:16.831  2053  2053 I WindowManager: WindowManagerGlobal#addView, ty=2005, view=android.widget.LinearLayout{c53a5bf V.E...... ......I. 0,0-0,0}, caller=android.view.WindowManagerImpl.addView:150 android.widget.ToastPresenter.addToastView:414 android.widget.ToastPresenter.show:335 
08-18 20:23:16.835   950  1010 E BufferQueueDebug: [858c563 Toast#40803](this:0xb4000074aa690ba0,id:-1,api:0,p:-1,c:-1) id info cannot be read from '858c563 Toast#40803'
08-18 20:23:16.835   950  1010 I BufferQueueDebug: [858c563 Toast#40803](this:0xb4000074aa690ba0,id:-1,api:0,p:-1,c:-1) BufferQueue core=(950:/system/bin/surfaceflinger)
08-18 20:23:16.835   950  1010 I SurfaceFlinger: id=40803 createSurf, flag=84004, 858c563 Toast#40803
08-18 20:23:16.837  2053  2053 I InsetsController: onStateChanged: host=Toast, from=android.view.ViewRootImpl.setView:1753, state=InsetsState: {mDisplayFrame=Rect(0, 0 - 1080, 2340), mDisplayCutout=DisplayCutout{insets=Rect(0, 80 - 0, 0) waterfall=Insets{left=0, top=0, right=0, bottom=0} boundingRect={Bounds=[Rect(0, 0 - 0, 0), Rect(472, 0 - 608, 80), Rect(0, 0 - 0, 0), Rect(0, 0 - 0, 0)]} cutoutPathParserInfo={CutoutPathParserInfo{displayWidth=1080 displayHeight=2340 physicalDisplayWidth=1080 physicalDisplayHeight=2340 density={2.8125} cutoutSpec={M 0,0 H -24.177777778 V 28.4444444444 H 24.177777778 V 0 H 0 Z @dp} rotation={0} scale={1.0} physicalPixelDisplaySizeRatio={1.0}}}}, mRoundedCorners=RoundedCorners{[RoundedCorner{position=TopLeft, radius=0, center=Point(0, 0)}, RoundedCorner{position=TopRight, radius=0, center=Point(0, 0)}, RoundedCorner{position=BottomRight, radius=0, center=Point(0, 0)}, RoundedCorner{position=BottomLeft, radius=0, center=Point(0, 0)}]}  mRoundedCornerFrame=Rect(0, 0 - 0, 0), mPrivacyIndicatorBounds=PrivacyIndicatorBounds {static bounds=Rect(964, 0 - 1080, 80) rotation=0}, mDisplayShape=DisplayShape{ spec=-311912193 displayWidth=1080 displayHeight=2340 physicalPixelDisplaySizeRatio=1.0 rotation=0 offsetX=0 offsetY=0 scale=1.0}, mSources= { InsetsSource: {e3260001 mType=navigationBars mFrame=[0,2301][1080,2340] mVisible=true mFlags=[SUPPRESS_SCRIM]}, InsetsSource: {e3260004 mType=systemGestures mFrame=[0,0][78,2340] mVisible=true mFlags=[]}, InsetsSource: {e3260005 mType=mandatorySystemGestures mFrame=[0,2256][1080,2340] mVisible=true mFlags=[]}, InsetsSource: {e3260006 mType=tappableElement mFrame=[0,0][0,0] mVisible=true mFlags=[]}, InsetsSource: {e3260024 mType=systemGestures mFrame=[1002,0][1080,2340] mVisible=true mFlags=[]}, InsetsSource: {3 mType=ime mFrame=[0,0][0,0] mVisible=false mFlags=[]}, InsetsSource: {27 mType=displayCutout mFrame=[0,0][1080,80] mVisible=true mFlags=[]}, InsetsSource: {737f0000 mType=statusBars mFrame=[0,0][1080,80] mVisible=true mFlags=[]}, InsetsSource: {737f0005 mType=mandatorySystemGestures mFrame=[0,0][1080,112] mVisible=true mFlags=[]}, InsetsSource: {737f0006 mType=tappableElement mFrame=[0,0][1080,80] mVisible=true mFlags=[]} }
08-18 20:23:16.837  2053  2053 I ViewRootImpl@cd7f48c[Toast]: synced displayState. AttachInfo displayState=2
08-18 20:23:16.837  2053  2053 I ViewRootImpl@cd7f48c[Toast]: setView = android.widget.LinearLayout@c53a5bf TM=true
08-18 20:23:16.839  1519  4466 D CoreBackPreview: Window{858c563 u0 Toast}: Setting back callback OnBackInvokedCallbackInfo{mCallback=android.window.IOnBackInvokedCallback$Stub$Proxy@5a89a19, mPriority=0, mIsAnimationCallback=false}
08-18 20:23:16.840  1519  1535 V WindowManager: Relayout Window{858c563 u0 Toast}: viewVisibility=0 req=822x116 ty=2005 d0
08-18 20:23:16.841   950  1010 E BufferQueueDebug: [Toast$_2053#40804](this:0xb4000074aa693ba0,id:-1,api:0,p:-1,c:-1) id info cannot be read from 'Toast$_2053#40804'
08-18 20:23:16.842   950  1010 I BufferQueueDebug: [Toast$_2053#40804](this:0xb4000074aa693ba0,id:-1,api:0,p:-1,c:-1) BufferQueue core=(950:/system/bin/surfaceflinger)
08-18 20:23:16.842   950  1010 I SurfaceFlinger: id=40804 createSurf, flag=44004, Toast$_2053#40804
08-18 20:23:16.844  1519  1535 D WindowManager: makeSurface duration=4 name=Toast$_2053
08-18 20:23:16.852  2053  2053 D BufferQueueConsumer: [](id:805000008bf,api:0,p:-1,c:2053) connect: controlledByApp=false
08-18 20:23:16.852  2053  2053 I BLASTBufferQueue_Java: new BLASTBufferQueue, mName= ViewRootImpl@cd7f48c[Toast] mNativeObject= 0xb400006dc4bc2f80 sc.mNativeObject= 0xb400006df085db00 caller= android.view.ViewRootImpl.updateBlastSurfaceIfNeeded:3028 android.view.ViewRootImpl.relayoutWindow:10131 android.view.ViewRootImpl.performTraversals:4110 android.view.ViewRootImpl.doTraversal:3288 android.view.ViewRootImpl$TraversalRunnable.run:11344 android.view.Choreographer$CallbackRecord.run:1689 android.view.Choreographer$CallbackRecord.run:1698 android.view.Choreographer.doCallbacks:1153 android.view.Choreographer.doFrame:1079 android.view.Choreographer$FrameDisplayEventReceiver.run:1646 
08-18 20:23:16.852  2053  2053 I BLASTBufferQueue_Java: update, w= 822 h= 116 mName = ViewRootImpl@cd7f48c[Toast] mNativeObject= 0xb400006dc4bc2f80 sc.mNativeObject= 0xb400006df085db00 format= -3 caller= android.graphics.BLASTBufferQueue.<init>:89 android.view.ViewRootImpl.updateBlastSurfaceIfNeeded:3028 android.view.ViewRootImpl.relayoutWindow:10131 android.view.ViewRootImpl.performTraversals:4110 android.view.ViewRootImpl.doTraversal:3288 android.view.ViewRootImpl$TraversalRunnable.run:11344 
08-18 20:23:16.853  2053  2053 I ViewRootImpl@cd7f48c[Toast]: Relayout returned: old=(0,80,1080,2301) new=(129,2017,951,2133) relayoutAsync=false req=(822,116)0 dur=13 res=0x3 s={true 0xb400006dc4e88800} ch=true seqId=0
08-18 20:23:16.853  2053  2053 I ViewRootImpl@cd7f48c[Toast]: performConfigurationChange setNightDimText nightDimLevel=0
08-18 20:23:16.854  2053  2053 D ViewRootImpl@cd7f48c[Toast]: mThreadedRenderer.initialize() mSurface={isValid=true 0xb400006dc4e88800} hwInitialized=true
08-18 20:23:16.854  2053  2053 D ViewRootImpl@cd7f48c[Toast]: reportNextDraw android.view.ViewRootImpl.performTraversals:4718 android.view.ViewRootImpl.doTraversal:3288 android.view.ViewRootImpl$TraversalRunnable.run:11344 android.view.Choreographer$CallbackRecord.run:1689 android.view.Choreographer$CallbackRecord.run:1698 
08-18 20:23:16.854  2053  2053 I ViewRootImpl@cd7f48c[Toast]: Setup new sync=wmsSync-ViewRootImpl@cd7f48c[Toast]#73
08-18 20:23:16.854  2053  2053 I ViewRootImpl@cd7f48c[Toast]: Creating new active sync group ViewRootImpl@cd7f48c[Toast]#74
08-18 20:23:16.857  2053  2053 I ViewRootImpl@cd7f48c[Toast]: registerCallbacksForSync syncBuffer=false
08-18 20:23:16.860  2053  2807 I ViewRootImpl@cd7f48c[Toast]: Received frameDrawingCallback syncResult=0 frameNum=1.
08-18 20:23:16.860  2053  2807 I ViewRootImpl@cd7f48c[Toast]: mWNT: t=0xb400006dc4a15b00 mBlastBufferQueue=0xb400006dc4bc2f80 fn= 1 mRenderHdrSdrRatio=1.0 caller= android.view.ViewRootImpl$8.onFrameDraw:13841 android.view.ThreadedRenderer$1.onFrameDraw:792 <bottom of call stack> 
08-18 20:23:16.860  2053  2807 I ViewRootImpl@cd7f48c[Toast]: Setting up sync and frameCommitCallback
08-18 20:23:16.861  2053  2217 D BLASTBufferQueue: [ViewRootImpl@cd7f48c[Toast]#2234](f:0,a:0) onFrameAvailable the first frame is available
08-18 20:23:16.862  2053  2217 D BLASTBufferQueue: [ViewRootImpl@cd7f48c[Toast]#2234](f:0,a:1) acquireNextBufferLocked size=822x116 mFrameNumber=1 applyTransaction=true mTimestamp=316877848160963(auto) mPendingTransactions.size=0 graphicBufferId=8817567885334 transform=0
08-18 20:23:16.862  2053  2217 I ViewRootImpl@cd7f48c[Toast]: Received frameCommittedCallback lastAttemptedDrawFrameNum=1 didProduceBuffer=true
08-18 20:23:16.863  2053  2053 I ViewRootImpl@cd7f48c[Toast]: reportDrawFinished seqId=0
08-18 20:23:16.863  1519  1535 D WindowManager: finishDrawingWindow: Window{858c563 u0 Toast} mDrawState=DRAW_PENDING seqId=0
08-18 20:23:16.864  1519  1548 I WindowManager: Reparenting to leash, surface=Surface(name=858c563 Toast)/@0x88854bf, leashParent=Surface(name=WindowToken{8b634a9 type=2005 android.os.Binder@ad29030})/@0x698778c
08-18 20:23:16.865   950  1010 E BufferQueueDebug: [Surface(name=858c563 Toast)/@0x88854bf - animation-leash of window_animation#40805](this:0xb4000074aa408ba0,id:-1,api:0,p:-1,c:-1) id info cannot be read from 'Surface(name=858c563 Toast)/@0x88854bf - animation-leash of window_animation#40805'
08-18 20:23:16.865   950  1010 I BufferQueueDebug: [Surface(name=858c563 Toast)/@0x88854bf - animation-leash of window_animation#40805](this:0xb4000074aa408ba0,id:-1,api:0,p:-1,c:-1) BufferQueue core=(950:/system/bin/surfaceflinger)
08-18 20:23:16.865   950  1010 I SurfaceFlinger: id=40805 createSurf, flag=24004, Surface(name=858c563 Toast)/@0x88854bf - animation-leash of window_animation#40805
08-18 20:23:16.865  1519  1548 D WindowManager: makeSurface duration=1 leash=Surface(name=Surface(name=858c563 Toast)/@0x88854bf - animation-leash of window_animation)/@0x59fbed5
08-18 20:23:16.866  1519  1548 V WindowManager: performShowLocked: mDrawState=HAS_DRAWN in Window{858c563 u0 Toast}
08-18 20:23:16.916   950   950 D SurfaceFlinger:      DEVICE | 0xb4000074afdd6640 | 0102 | RGBA_8888    |    0.0    0.0 1080.0 2340.0 |    0    0 1080 2340 | com.sdrradio.app/com.sdrradio.app.MainActivity$_17587#40772
08-18 20:23:16.916   950   950 D SurfaceFlinger:      DEVICE | 0xb4000074ab26e440 | 0100 | RGBA_8888    |    0.0    0.0  822.0  116.0 |  129 2017  951 2133 | Toast$_2053#40798
08-18 20:23:16.916   950   950 D SurfaceFlinger:      DEVICE | 0xb4000074ce4e3600 | 0100 | RGBA_8888    |    0.0    0.0  822.0  116.0 |  129 2017  951 2133 | Toast$_2053#40804
08-18 20:23:16.933 17587 17587 I ViewRootImpl@da5e40d[MainActivity]: ViewPostIme pointer 1
08-18 20:23:16.935 17587 17587 D MainActivity: Tentando conectar dispositivo...
08-18 20:23:16.935 17587 17587 E MainActivity: Nenhum dispositivo RTL-SDR encontrado
08-18 20:23:16.939 17587 17587 I Toast   : show: caller = com.sdrradio.app.MainActivity.connectDevice:297 
08-18 20:23:16.940 17587 17587 I Toast   : show: contextDispId = 0 mCustomDisplayId = -1 focusedDisplayId = 0 isActivityContext = true
08-18 20:23:16.943  1519  1535 W ContextImpl: Calling a method in the system process without a qualified user: android.app.ContextImpl.sendBroadcast:1281 com.android.server.notification.sec.DisplayToast.sendIntentForToastDumpLog:156 com.android.server.notification.sec.DisplayToast.outFile:106 com.android.server.notification.sec.DisplayToast.out:62 com.android.server.notification.NotificationManagerService$15.enqueueToastForDex:5125 
08-18 20:23:17.341  1519  1548 I WindowManager: Reparenting to original parent: Surface(name=WindowToken{1976700 type=2005 android.os.Binder@7c04983})/@0xf5b1618, destroy=true, surface=Surface(name=78bf32c Toast)/@0x765fb
08-18 20:23:17.358  1519  1548 I WindowManager: Destroying surface Surface(name=Toast$_2053)/@0x15ecfe1 called by com.android.server.wm.WindowStateAnimator.destroySurface:799 com.android.server.wm.WindowStateAnimator.destroySurfaceLocked:472 com.android.server.wm.WindowState.removeImmediately:2937 com.android.server.wm.WindowState.handleCompleteDeferredRemoval:5780 com.android.server.wm.WindowContainer.handleCompleteDeferredRemoval:1476 com.android.server.wm.WindowContainer.handleCompleteDeferredRemoval:1476 com.android.server.wm.WindowContainer.handleCompleteDeferredRemoval:1476 com.android.server.wm.WindowContainer.handleCompleteDeferredRemoval:1476 
08-18 20:23:17.364   950   950 D SurfaceFlinger:      DEVICE | 0xb4000074aa938000 | 0102 | RGBA_8888    |    0.0    0.0 1080.0 2340.0 |    0    0 1080 2340 | com.sdrradio.app/com.sdrradio.app.MainActivity$_17587#40772
08-18 20:23:17.364   950   950 D SurfaceFlinger:      DEVICE | 0xb4000074ce4e3600 | 0100 | RGBA_8888    |    0.0    0.0  822.0  116.0 |  129 2017  951 2133 | Toast$_2053#40804
08-18 20:23:17.373   950   950 I Layer   : id=40797 removeFromCurrentState 78bf32c Toast#40797 (226)
08-18 20:23:17.374   950   950 I Layer   : id=40798 removeFromCurrentState Toast$_2053#40798 (226)
08-18 20:23:17.374   950   950 I Layer   : id=40802 removeFromCurrentState Surface(name=78bf32c Toast)/@0x765fb - animation-leash of window_animation#40802 (226)
08-18 20:23:17.374   950   950 I Layer   : Layer [Toast$_2053#40798] hidden!! flag(1)
08-18 20:23:17.374   950   950 I Layer   : id=40798 removeFromCurrentState Toast$_2053#40798 (226)
08-18 20:23:17.376   950   950 I SurfaceFlinger: id=40798 Removed Toast$_2053#40798 (226)
08-18 20:23:17.376   950   950 I SurfaceFlinger: id=40802 Removed Surface(name=78bf32c Toast)/@0x765fb - animation-leash of window_animation#40802 (226)
08-18 20:23:17.376   950   950 I SurfaceFlinger: id=40797 Removed 78bf32c Toast#40797 (226)
08-18 20:23:17.390   950   950 I BufferQueueDebug: [Surface(name=78bf32c Toast)/@0x765fb - animation-leash of window_animation#40802](this:0xb4000074aa45bba0,id:-1,api:0,p:-1,c:950) onDestructor()
08-18 20:23:17.390   950   950 I Layer   : id=40802 Destroyed Surface(name=78bf32c Toast)/@0x765fb - animation-leash of window_animation#40802
08-18 20:23:17.390   950   950 I BufferQueueDebug: [78bf32c Toast#40797](this:0xb4000074aa549ba0,id:-1,api:0,p:-1,c:950) onDestructor()
08-18 20:23:17.390   950   950 I Layer   : id=40797 Destroyed 78bf32c Toast#40797
08-18 20:23:17.391   950   950 I BufferQueueDebug: [Toast$_2053#40798](this:0xb4000074aa641ba0,id:-1,api:0,p:-1,c:950) onDestructor()
08-18 20:23:17.391   950   950 I Layer   : id=40798 Destroyed Toast$_2053#40798
08-18 20:23:17.391  1519  1548 I WindowManager: Reparenting to original parent: Surface(name=WindowToken{8b634a9 type=2005 android.os.Binder@ad29030})/@0x698778c, destroy=true, surface=Surface(name=858c563 Toast)/@0x88854bf
08-18 20:23:17.407   950   950 I Layer   : id=40805 removeFromCurrentState Surface(name=858c563 Toast)/@0x88854bf - animation-leash of window_animation#40805 (223)
08-18 20:23:17.409   950   950 I SurfaceFlinger: id=40805 Removed Surface(name=858c563 Toast)/@0x88854bf - animation-leash of window_animation#40805 (223)
08-18 20:23:17.424   950   950 I BufferQueueDebug: [Surface(name=858c563 Toast)/@0x88854bf - animation-leash of window_animation#40805](this:0xb4000074aa408ba0,id:-1,api:0,p:-1,c:950) onDestructor()
08-18 20:23:17.424   950   950 I Layer   : id=40805 Destroyed Surface(name=858c563 Toast)/@0x88854bf - animation-leash of window_animation#40805
08-18 20:23:17.509 12772 17162 W FusedLocation: mock location injection by 10406/com.just4funtools.fakegpslocationprofessional failed (not in mock mode) [CONTEXT service_id=6 ]
08-18 20:23:17.659 17587 17587 I ViewRootImpl@da5e40d[MainActivity]: ViewPostIme pointer 0
08-18 20:23:17.774 17587 17587 I ViewRootImpl@da5e40d[MainActivity]: ViewPostIme pointer 1
08-18 20:23:17.828 16299 16475 I [-0300]oneconnect[1.8.34.21_01][CORE]: DataConvert.parseBleVd - deviceBle : |name:|deviceType:TV|discoverType:_BLE|services:None|connected:false[TvStatusString]POWER_OFF[TvStatus]-128[TvService]102[TvMirrorChannel]1[TvRegisteredDB][-40, -1, -56, -119, 87, 0][TvYear]2016[TvOcfInfo]0[TvAcmStatus]0[ExTvStatus]0[ExtendedStatus]-1[ModuloSn]-1
08-18 20:23:18.204 17587 17587 I ViewRootImpl@da5e40d[MainActivity]: ViewPostIme pointer 0
08-18 20:23:18.315 17587 17587 I ViewRootImpl@da5e40d[MainActivity]: ViewPostIme pointer 1
08-18 20:23:18.333 17587 17587 I Toast   : show: caller = com.sdrradio.app.MainActivity.startRecording:419 
08-18 20:23:18.334 17587 17587 I Toast   : show: contextDispId = 0 mCustomDisplayId = -1 focusedDisplayId = 0 isActivityContext = true
08-18 20:23:18.336  1519  2934 W ContextImpl: Calling a method in the system process without a qualified user: android.app.ContextImpl.sendBroadcast:1281 com.android.server.notification.sec.DisplayToast.sendIntentForToastDumpLog:156 com.android.server.notification.sec.DisplayToast.outFile:106 com.android.server.notification.sec.DisplayToast.out:62 com.android.server.notification.NotificationManagerService$15.enqueueToastForDex:5125 
08-18 20:23:18.339   950   950 I BufferQueueProducer: [com.sdrradio.app/com.sdrradio.app.MainActivity$_17587#40772](this:0xb4000074aa569ba0,id:-1,api:0,p:-1,c:950) queueBuffer: fps=21.73 dur=1564.60 max=1015.53 min=16.13
08-18 20:23:18.372   886   923 E BatteryDump: !@new_battery_dump : 3782,315,475,550,26,353,353,404,0,0,375,404,0,Charging,NO_CHARGING,Normal,Good,USB,1,Normal,0,0,9600,0x0,0x10000,0x0,0,0,0000,0000,00000000,0,0,0,0,218,3763,2590,990,0,
08-18 20:23:18.391  2053  2053 I AODBatteryManager: saveBatteryData : AOD BatteryData [mBatteryLevel=26, mBatteryStatus=CHARGING, mBatteryPlugType=USB, mBatteryPlugged=true, mRemainingChargeTime=27502000, mBatteryChargingType=1, mBatteryChargerType=NORMAL, mBatteryOnline=USB, mBatterySwellingMode=NONE, mBatteryProtectMode=false, mBatteryProtectModeType=1, mSleepChargingEvent=null, mSleepChargingEventFinishTime=null]
08-18 20:23:19.384  2053  2053 I WindowManager: WindowManagerGlobal#removeView, ty=2005, view=android.widget.LinearLayout{c53a5bf V.E...... ........ 0,0-822,116}, caller=android.view.WindowManagerGlobal.removeView:628 android.view.WindowManagerImpl.removeViewImmediate:208 android.widget.ToastPresenter.hide:358 
08-18 20:23:19.386  1519  4466 D CoreBackPreview: Window{858c563 u0 Toast}: Setting back callback null
08-18 20:23:19.387  2053  2053 I ViewRootImpl@cd7f48c[Toast]: dispatchDetachedFromWindow
08-18 20:23:19.388  2053  2053 D BLASTBufferQueue: [ViewRootImpl@cd7f48c[Toast]#2234](f:0,a:1) destructor()
08-18 20:23:19.388  2053  2053 D BufferQueueConsumer: [ViewRootImpl@cd7f48c[Toast]#2234(BLAST Consumer)2234](id:805000008bf,api:0,p:-1,c:2053) disconnect
08-18 20:23:19.391  1519  1535 W InputManager-JNI: Input channel object '858c563 Toast (client)' was disposed without first being removed with the input manager!
08-18 20:23:19.392  1519  1535 V WindowManager: Remove Window{858c563 u0 Toast}: mSurfaceController=Surface(name=Toast$_2053)/@0x6ed16f2 mAnimatingExit=false mRemoveOnExit=false mHasSurface=true surfaceShowing=true animating=false app-animation=false mDisplayFrozen=false callers=com.android.server.wm.WindowManagerService.removeWindow:2148 com.android.server.wm.Session.remove:257 android.view.IWindowSession$Stub.onTransact:747 com.android.server.wm.Session.onTransact:204 android.os.Binder.execTransactInternal:1380 android.os.Binder.execTransact:1311 
08-18 20:23:19.392  1519  1535 I WindowManager: Reparenting to leash, surface=Surface(name=858c563 Toast)/@0x88854bf, leashParent=Surface(name=WindowToken{8b634a9 type=2005 android.os.Binder@ad29030})/@0x698778c
08-18 20:23:19.392   950  1328 E BufferQueueDebug: [Surface(name=858c563 Toast)/@0x88854bf - animation-leash of window_animation#40808](this:0xb4000074aa4caba0,id:-1,api:0,p:-1,c:-1) id info cannot be read from 'Surface(name=858c563 Toast)/@0x88854bf - animation-leash of window_animation#40808'
08-18 20:23:19.392   950  1328 I BufferQueueDebug: [Surface(name=858c563 Toast)/@0x88854bf - animation-leash of window_animation#40808](this:0xb4000074aa4caba0,id:-1,api:0,p:-1,c:-1) BufferQueue core=(950:/system/bin/surfaceflinger)
08-18 20:23:19.394   950  1328 I SurfaceFlinger: id=40808 createSurf, flag=24000, Surface(name=858c563 Toast)/@0x88854bf - animation-leash of window_animation#40808
08-18 20:23:19.395  1519  1535 D WindowManager: makeSurface duration=3 leash=Surface(name=Surface(name=858c563 Toast)/@0x88854bf - animation-leash of window_animation)/@0x11cb143
08-18 20:23:19.395  1519  1535 V WindowManager: removeIfPossible 2, Window{858c563 u0 Toast}: mAnimatingExit=true caller=com.android.server.wm.WindowManagerService.removeWindow:2148 com.android.server.wm.Session.remove:257 android.view.IWindowSession$Stub.onTransact:747 com.android.server.wm.Session.onTransact:204 android.os.Binder.execTransactInternal:1380 
08-18 20:23:19.400  1519  1535 W NotificationService: Toast already killed. pkg=com.sdrradio.app token=android.os.BinderProxy@40c13c0
08-18 20:23:19.424  2053  2053 V ToastPresenter: yOffset = 168
08-18 20:23:19.424  2053  2053 V ToastPresenter: Text: Oenh in android.widget.ToastPresenter@4c872fd
08-18 20:23:19.424  2053  2053 I WindowManager: WindowManagerGlobal#addView, ty=2005, view=android.widget.LinearLayout{9103bf2 V.E...... ......I. 0,0-0,0}, caller=android.view.WindowManagerImpl.addView:150 android.widget.ToastPresenter.addToastView:414 android.widget.ToastPresenter.show:335 
08-18 20:23:19.429   950  1328 E BufferQueueDebug: [5d94bb5 Toast#40809](this:0xb4000074aa4e4ba0,id:-1,api:0,p:-1,c:-1) id info cannot be read from '5d94bb5 Toast#40809'
08-18 20:23:19.430   950  1328 I BufferQueueDebug: [5d94bb5 Toast#40809](this:0xb4000074aa4e4ba0,id:-1,api:0,p:-1,c:-1) BufferQueue core=(950:/system/bin/surfaceflinger)
08-18 20:23:19.430   950  1328 I SurfaceFlinger: id=40809 createSurf, flag=84004, 5d94bb5 Toast#40809
08-18 20:23:19.433  2053  2053 I InsetsController: onStateChanged: host=Toast, from=android.view.ViewRootImpl.setView:1753, state=InsetsState: {mDisplayFrame=Rect(0, 0 - 1080, 2340), mDisplayCutout=DisplayCutout{insets=Rect(0, 80 - 0, 0) waterfall=Insets{left=0, top=0, right=0, bottom=0} boundingRect={Bounds=[Rect(0, 0 - 0, 0), Rect(472, 0 - 608, 80), Rect(0, 0 - 0, 0), Rect(0, 0 - 0, 0)]} cutoutPathParserInfo={CutoutPathParserInfo{displayWidth=1080 displayHeight=2340 physicalDisplayWidth=1080 physicalDisplayHeight=2340 density={2.8125} cutoutSpec={M 0,0 H -24.177777778 V 28.4444444444 H 24.177777778 V 0 H 0 Z @dp} rotation={0} scale={1.0} physicalPixelDisplaySizeRatio={1.0}}}}, mRoundedCorners=RoundedCorners{[RoundedCorner{position=TopLeft, radius=0, center=Point(0, 0)}, RoundedCorner{position=TopRight, radius=0, center=Point(0, 0)}, RoundedCorner{position=BottomRight, radius=0, center=Point(0, 0)}, RoundedCorner{position=BottomLeft, radius=0, center=Point(0, 0)}]}  mRoundedCornerFrame=Rect(0, 0 - 0, 0), mPrivacyIndicatorBounds=PrivacyIndicatorBounds {static bounds=Rect(964, 0 - 1080, 80) rotation=0}, mDisplayShape=DisplayShape{ spec=-311912193 displayWidth=1080 displayHeight=2340 physicalPixelDisplaySizeRatio=1.0 rotation=0 offsetX=0 offsetY=0 scale=1.0}, mSources= { InsetsSource: {e3260001 mType=navigationBars mFrame=[0,2301][1080,2340] mVisible=true mFlags=[SUPPRESS_SCRIM]}, InsetsSource: {e3260004 mType=systemGestures mFrame=[0,0][78,2340] mVisible=true mFlags=[]}, InsetsSource: {e3260005 mType=mandatorySystemGestures mFrame=[0,2256][1080,2340] mVisible=true mFlags=[]}, InsetsSource: {e3260006 mType=tappableElement mFrame=[0,0][0,0] mVisible=true mFlags=[]}, InsetsSource: {e3260024 mType=systemGestures mFrame=[1002,0][1080,2340] mVisible=true mFlags=[]}, InsetsSource: {3 mType=ime mFrame=[0,0][0,0] mVisible=false mFlags=[]}, InsetsSource: {27 mType=displayCutout mFrame=[0,0][1080,80] mVisible=true mFlags=[]}, InsetsSource: {737f0000 mType=statusBars mFrame=[0,0][1080,80] mVisible=true mFlags=[]}, InsetsSource: {737f0005 mType=mandatorySystemGestures mFrame=[0,0][1080,112] mVisible=true mFlags=[]}, InsetsSource: {737f0006 mType=tappableElement mFrame=[0,0][1080,80] mVisible=true mFlags=[]} }
08-18 20:23:19.433  2053  2053 I ViewRootImpl@d597243[Toast]: synced displayState. AttachInfo displayState=2
08-18 20:23:19.433  2053  2053 I ViewRootImpl@d597243[Toast]: setView = android.widget.LinearLayout@9103bf2 TM=true
08-18 20:23:19.435  1519  4466 D CoreBackPreview: Window{5d94bb5 u0 Toast}: Setting back callback OnBackInvokedCallbackInfo{mCallback=android.window.IOnBackInvokedCallback$Stub$Proxy@41105bb, mPriority=0, mIsAnimationCallback=false}
08-18 20:23:19.435  1519  1535 V WindowManager: Relayout Window{5d94bb5 u0 Toast}: viewVisibility=0 req=822x116 ty=2005 d0
08-18 20:23:19.436   950  1328 E BufferQueueDebug: [Toast$_2053#40810](this:0xb4000074aa513ba0,id:-1,api:0,p:-1,c:-1) id info cannot be read from 'Toast$_2053#40810'
08-18 20:23:19.436   950  1328 I BufferQueueDebug: [Toast$_2053#40810](this:0xb4000074aa513ba0,id:-1,api:0,p:-1,c:-1) BufferQueue core=(950:/system/bin/surfaceflinger)
08-18 20:23:19.436   950  1328 I SurfaceFlinger: id=40810 createSurf, flag=44004, Toast$_2053#40810
08-18 20:23:19.436  1519  1535 D WindowManager: makeSurface duration=1 name=Toast$_2053
08-18 20:23:19.442  2053  2053 D BufferQueueConsumer: [](id:805000008c0,api:0,p:-1,c:2053) connect: controlledByApp=false
08-18 20:23:19.443  2053  2053 I BLASTBufferQueue_Java: new BLASTBufferQueue, mName= ViewRootImpl@d597243[Toast] mNativeObject= 0xb400006dc4bc2f80 sc.mNativeObject= 0xb400006df08f2bc0 caller= android.view.ViewRootImpl.updateBlastSurfaceIfNeeded:3028 android.view.ViewRootImpl.relayoutWindow:10131 android.view.ViewRootImpl.performTraversals:4110 android.view.ViewRootImpl.doTraversal:3288 android.view.ViewRootImpl$TraversalRunnable.run:11344 android.view.Choreographer$CallbackRecord.run:1689 android.view.Choreographer$CallbackRecord.run:1698 android.view.Choreographer.doCallbacks:1153 android.view.Choreographer.doFrame:1079 android.view.Choreographer$FrameDisplayEventReceiver.run:1646 
08-18 20:23:19.443  2053  2053 I BLASTBufferQueue_Java: update, w= 822 h= 116 mName = ViewRootImpl@d597243[Toast] mNativeObject= 0xb400006dc4bc2f80 sc.mNativeObject= 0xb400006df08f2bc0 format= -3 caller= android.graphics.BLASTBufferQueue.<init>:89 android.view.ViewRootImpl.updateBlastSurfaceIfNeeded:3028 android.view.ViewRootImpl.relayoutWindow:10131 android.view.ViewRootImpl.performTraversals:4110 android.view.ViewRootImpl.doTraversal:3288 android.view.ViewRootImpl$TraversalRunnable.run:11344 
08-18 20:23:19.444  2053  2053 I ViewRootImpl@d597243[Toast]: Relayout returned: old=(0,80,1080,2301) new=(129,2017,951,2133) relayoutAsync=false req=(822,116)0 dur=7 res=0x3 s={true 0xb400006dc4e88800} ch=true seqId=0
08-18 20:23:19.445  2053  2053 I ViewRootImpl@d597243[Toast]: performConfigurationChange setNightDimText nightDimLevel=0
08-18 20:23:19.446  2053  2053 D ViewRootImpl@d597243[Toast]: mThreadedRenderer.initialize() mSurface={isValid=true 0xb400006dc4e88800} hwInitialized=true
08-18 20:23:19.447  2053  2053 D ViewRootImpl@d597243[Toast]: reportNextDraw android.view.ViewRootImpl.performTraversals:4718 android.view.ViewRootImpl.doTraversal:3288 android.view.ViewRootImpl$TraversalRunnable.run:11344 android.view.Choreographer$CallbackRecord.run:1689 android.view.Choreographer$CallbackRecord.run:1698 
08-18 20:23:19.447  2053  2053 I ViewRootImpl@d597243[Toast]: Setup new sync=wmsSync-ViewRootImpl@d597243[Toast]#75
08-18 20:23:19.447  2053  2053 I ViewRootImpl@d597243[Toast]: Creating new active sync group ViewRootImpl@d597243[Toast]#76
08-18 20:23:19.448  2053  2053 I ViewRootImpl@d597243[Toast]: registerCallbacksForSync syncBuffer=false
08-18 20:23:19.450  2053  2806 I ViewRootImpl@d597243[Toast]: Received frameDrawingCallback syncResult=0 frameNum=1.
08-18 20:23:19.451  2053  2806 I ViewRootImpl@d597243[Toast]: mWNT: t=0xb400006dc4a9ea80 mBlastBufferQueue=0xb400006dc4bc2f80 fn= 1 mRenderHdrSdrRatio=1.0 caller= android.view.ViewRootImpl$8.onFrameDraw:13841 android.view.ThreadedRenderer$1.onFrameDraw:792 <bottom of call stack> 
08-18 20:23:19.451  2053  2806 I ViewRootImpl@d597243[Toast]: Setting up sync and frameCommitCallback
08-18 20:23:19.456  2053  2217 D BLASTBufferQueue: [ViewRootImpl@d597243[Toast]#2235](f:0,a:0) onFrameAvailable the first frame is available
08-18 20:23:19.456  2053  2217 D BLASTBufferQueue: [ViewRootImpl@d597243[Toast]#2235](f:0,a:1) acquireNextBufferLocked size=822x116 mFrameNumber=1 applyTransaction=true mTimestamp=316880442305271(auto) mPendingTransactions.size=0 graphicBufferId=8817567885338 transform=0
08-18 20:23:19.458  2053  2217 I ViewRootImpl@d597243[Toast]: Received frameCommittedCallback lastAttemptedDrawFrameNum=1 didProduceBuffer=true
08-18 20:23:19.460  2053  2053 I ViewRootImpl@d597243[Toast]: reportDrawFinished seqId=0
08-18 20:23:19.461  1519  2934 D WindowManager: finishDrawingWindow: Window{5d94bb5 u0 Toast} mDrawState=DRAW_PENDING seqId=0
08-18 20:23:19.462  1519  1548 I WindowManager: Reparenting to leash, surface=Surface(name=5d94bb5 Toast)/@0x4a09ad8, leashParent=Surface(name=WindowToken{8947265 type=2005 android.os.Binder@5087f5c})/@0x29fee31
08-18 20:23:19.463   950  1328 E BufferQueueDebug: [Surface(name=5d94bb5 Toast)/@0x4a09ad8 - animation-leash of window_animation#40811](this:0xb4000074aa541ba0,id:-1,api:0,p:-1,c:-1) id info cannot be read from 'Surface(name=5d94bb5 Toast)/@0x4a09ad8 - animation-leash of window_animation#40811'
08-18 20:23:19.463   950  1328 I BufferQueueDebug: [Surface(name=5d94bb5 Toast)/@0x4a09ad8 - animation-leash of window_animation#40811](this:0xb4000074aa541ba0,id:-1,api:0,p:-1,c:-1) BufferQueue core=(950:/system/bin/surfaceflinger)
08-18 20:23:19.463   950  1328 I SurfaceFlinger: id=40811 createSurf, flag=24004, Surface(name=5d94bb5 Toast)/@0x4a09ad8 - animation-leash of window_animation#40811
08-18 20:23:19.464  1519  1548 D WindowManager: makeSurface duration=1 leash=Surface(name=Surface(name=5d94bb5 Toast)/@0x4a09ad8 - animation-leash of window_animation)/@0x3918916
