08-18 20:23:25.661  1519  2225 W ContextImpl: Calling a method in the system process without a qualified user: android.app.ContextImpl.sendBroadcast:1281 com.android.server.notification.sec.DisplayToast.sendIntentForToastDumpLog:156 com.android.server.notification.sec.DisplayToast.outFile:106 com.android.server.notification.sec.DisplayToast.out:62 com.android.server.notification.NotificationManagerService$15.enqueueToastForDex:5125 
08-18 20:23:25.743 12772 17162 W FusedLocation: mock location injection by 10406/com.just4funtools.fakegpslocationprofessional failed (not in mock mode) [CONTEXT service_id=6 ]
08-18 20:23:25.751 17587 17587 I ViewRootImpl@da5e40d[MainActivity]: ViewPostIme pointer 0
08-18 20:23:25.805 17587 17587 I ViewRootImpl@da5e40d[MainActivity]: ViewPostIme pointer 1
08-18 20:23:25.824 17587 17587 D MainActivity: Tentando conectar dispositivo...
08-18 20:23:25.824 17587 17587 E MainActivity: Nenhum dispositivo RTL-SDR encontrado
08-18 20:23:25.832 17587 17587 I Toast   : show: caller = com.sdrradio.app.MainActivity.connectDevice:297 
08-18 20:23:25.833 17587 17587 I Toast   : show: contextDispId = 0 mCustomDisplayId = -1 focusedDisplayId = 0 isActivityContext = true
08-18 20:23:25.836  1519  2225 W ContextImpl: Calling a method in the system process without a qualified user: android.app.ContextImpl.sendBroadcast:1281 com.android.server.notification.sec.DisplayToast.sendIntentForToastDumpLog:156 com.android.server.notification.sec.DisplayToast.outFile:106 com.android.server.notification.sec.DisplayToast.out:62 com.android.server.notification.NotificationManagerService$15.enqueueToastForDex:5125 
08-18 20:23:25.862   950   950 I BufferQueueProducer: [com.sdrradio.app/com.sdrradio.app.MainActivity$_17587#40772](this:0xb4000074aa569ba0,id:-1,api:0,p:-1,c:950) queueBuffer: fps=59.07 dur=1015.72 max=33.55 min=16.09
08-18 20:23:25.920 17587 17587 I ViewRootImpl@da5e40d[MainActivity]: ViewPostIme pointer 0
08-18 20:23:25.989 17587 17587 I ViewRootImpl@da5e40d[MainActivity]: ViewPostIme pointer 1
08-18 20:23:25.999 17587 17587 D MainActivity: Tentando conectar dispositivo...
08-18 20:23:25.999 17587 17587 E MainActivity: Nenhum dispositivo RTL-SDR encontrado
08-18 20:23:26.004 17587 17587 I Toast   : show: caller = com.sdrradio.app.MainActivity.connectDevice:297 
08-18 20:23:26.008 17587 17587 I Toast   : show: contextDispId = 0 mCustomDisplayId = -1 focusedDisplayId = 0 isActivityContext = true
08-18 20:23:26.011  1519  2225 W ContextImpl: Calling a method in the system process without a qualified user: android.app.ContextImpl.sendBroadcast:1281 com.android.server.notification.sec.DisplayToast.sendIntentForToastDumpLog:156 com.android.server.notification.sec.DisplayToast.outFile:106 com.android.server.notification.sec.DisplayToast.out:62 com.android.server.notification.NotificationManagerService$15.enqueueToastForDex:5125 
08-18 20:23:26.089 17587 17587 I ViewRootImpl@da5e40d[MainActivity]: ViewPostIme pointer 0
08-18 20:23:26.211 17587 17587 I ViewRootImpl@da5e40d[MainActivity]: ViewPostIme pointer 1
08-18 20:23:26.212 17587 17587 D MainActivity: Tentando conectar dispositivo...
08-18 20:23:26.212 17587 17587 E MainActivity: Nenhum dispositivo RTL-SDR encontrado
08-18 20:23:26.219 17587 17587 I Toast   : show: caller = com.sdrradio.app.MainActivity.connectDevice:297 
08-18 20:23:26.219 17587 17587 I Toast   : show: contextDispId = 0 mCustomDisplayId = -1 focusedDisplayId = 0 isActivityContext = true
08-18 20:23:26.222  1519  2225 W ContextImpl: Calling a method in the system process without a qualified user: android.app.ContextImpl.sendBroadcast:1281 com.android.server.notification.sec.DisplayToast.sendIntentForToastDumpLog:156 com.android.server.notification.sec.DisplayToast.outFile:106 com.android.server.notification.sec.DisplayToast.out:62 com.android.server.notification.NotificationManagerService$15.enqueueToastForDex:5125 
08-18 20:23:26.299 17587 17587 I ViewRootImpl@da5e40d[MainActivity]: ViewPostIme pointer 0
08-18 20:23:26.403 17587 17587 I ViewRootImpl@da5e40d[MainActivity]: ViewPostIme pointer 1
08-18 20:23:26.415 17587 17587 D MainActivity: Tentando conectar dispositivo...
08-18 20:23:26.415 17587 17587 E MainActivity: Nenhum dispositivo RTL-SDR encontrado
08-18 20:23:26.420 17587 17587 I Toast   : show: caller = com.sdrradio.app.MainActivity.connectDevice:297 
08-18 20:23:26.421 17587 17587 I Toast   : show: contextDispId = 0 mCustomDisplayId = -1 focusedDisplayId = 0 isActivityContext = true
08-18 20:23:26.424  1519  2225 W ContextImpl: Calling a method in the system process without a qualified user: android.app.ContextImpl.sendBroadcast:1281 com.android.server.notification.sec.DisplayToast.sendIntentForToastDumpLog:156 com.android.server.notification.sec.DisplayToast.outFile:106 com.android.server.notification.sec.DisplayToast.out:62 com.android.server.notification.NotificationManagerService$15.enqueueToastForDex:5125 
08-18 20:23:26.512 17587 17587 I ViewRootImpl@da5e40d[MainActivity]: ViewPostIme pointer 0
08-18 20:23:26.584 17587 17587 I ViewRootImpl@da5e40d[MainActivity]: ViewPostIme pointer 1
08-18 20:23:26.599 17587 17587 D MainActivity: Tentando conectar dispositivo...
08-18 20:23:26.600 17587 17587 E MainActivity: Nenhum dispositivo RTL-SDR encontrado
08-18 20:23:26.606 17587 17587 I Toast   : show: caller = com.sdrradio.app.MainActivity.connectDevice:297 
08-18 20:23:26.607 17587 17587 I Toast   : show: contextDispId = 0 mCustomDisplayId = -1 focusedDisplayId = 0 isActivityContext = true
08-18 20:23:26.610  1519  2225 W ContextImpl: Calling a method in the system process without a qualified user: android.app.ContextImpl.sendBroadcast:1281 com.android.server.notification.sec.DisplayToast.sendIntentForToastDumpLog:156 com.android.server.notification.sec.DisplayToast.outFile:106 com.android.server.notification.sec.DisplayToast.out:62 com.android.server.notification.NotificationManagerService$15.enqueueToastForDex:5125 
08-18 20:23:26.672 17587 17587 I ViewRootImpl@da5e40d[MainActivity]: ViewPostIme pointer 0
08-18 20:23:26.751 17587 17587 I ViewRootImpl@da5e40d[MainActivity]: ViewPostIme pointer 1
08-18 20:23:26.765 17587 17587 D MainActivity: Tentando conectar dispositivo...
08-18 20:23:26.765 17587 17587 E MainActivity: Nenhum dispositivo RTL-SDR encontrado
08-18 20:23:26.770 17587 17587 I Toast   : show: caller = com.sdrradio.app.MainActivity.connectDevice:297 
08-18 20:23:26.770 17587 17587 I Toast   : show: contextDispId = 0 mCustomDisplayId = -1 focusedDisplayId = 0 isActivityContext = true
08-18 20:23:26.773  1519  2225 W ContextImpl: Calling a method in the system process without a qualified user: android.app.ContextImpl.sendBroadcast:1281 com.android.server.notification.sec.DisplayToast.sendIntentForToastDumpLog:156 com.android.server.notification.sec.DisplayToast.outFile:106 com.android.server.notification.sec.DisplayToast.out:62 com.android.server.notification.NotificationManagerService$15.enqueueToastForDex:5125 
08-18 20:23:26.868 17587 17587 I ViewRootImpl@da5e40d[MainActivity]: ViewPostIme pointer 0
08-18 20:23:26.878   950   950 I BufferQueueProducer: [com.sdrradio.app/com.sdrradio.app.MainActivity$_17587#40772](this:0xb4000074aa569ba0,id:-1,api:0,p:-1,c:950) queueBuffer: fps=60.09 dur=1015.06 max=17.22 min=16.16
08-18 20:23:26.963 17587 17587 I ViewRootImpl@da5e40d[MainActivity]: ViewPostIme pointer 1
08-18 20:23:26.981 17587 17587 D MainActivity: Tentando conectar dispositivo...
08-18 20:23:26.981 17587 17587 E MainActivity: Nenhum dispositivo RTL-SDR encontrado
08-18 20:23:26.987 17587 17587 I Toast   : show: caller = com.sdrradio.app.MainActivity.connectDevice:297 
08-18 20:23:26.987 17587 17587 I Toast   : show: contextDispId = 0 mCustomDisplayId = -1 focusedDisplayId = 0 isActivityContext = true
08-18 20:23:26.990  1519  2225 W ContextImpl: Calling a method in the system process without a qualified user: android.app.ContextImpl.sendBroadcast:1281 com.android.server.notification.sec.DisplayToast.sendIntentForToastDumpLog:156 com.android.server.notification.sec.DisplayToast.outFile:106 com.android.server.notification.sec.DisplayToast.out:62 com.android.server.notification.NotificationManagerService$15.enqueueToastForDex:5125 
08-18 20:23:27.044 17587 17587 I ViewRootImpl@da5e40d[MainActivity]: ViewPostIme pointer 0
08-18 20:23:27.111 16299 16475 I [-0300]oneconnect[1.8.34.21_01][CORE]: DataConvert.parseBleVd - deviceBle : |name:|deviceType:TV|discoverType:_BLE|services:None|connected:false[TvStatusString]POWER_OFF[TvStatus]-128[TvService]102[TvMirrorChannel]1[TvRegisteredDB][-40, -1, -56, -119, 87, 0][TvYear]2016[TvOcfInfo]0[TvAcmStatus]0[ExTvStatus]0[ExtendedStatus]-1[ModuloSn]-1
08-18 20:23:27.138  2053  2053 I WindowManager: WindowManagerGlobal#removeView, ty=2005, view=android.widget.LinearLayout{462617c V.E...... ........ 0,0-682,116}, caller=android.view.WindowManagerGlobal.removeView:628 android.view.WindowManagerImpl.removeViewImmediate:208 android.widget.ToastPresenter.hide:358 
08-18 20:23:27.139  1519  2225 D CoreBackPreview: Window{3265f6f u0 Toast}: Setting back callback null
08-18 20:23:27.142  2053  2053 I ViewRootImpl@97f7a05[Toast]: dispatchDetachedFromWindow
08-18 20:23:27.142  2053  2053 D BLASTBufferQueue: [ViewRootImpl@97f7a05[Toast]#2237](f:0,a:1) destructor()
08-18 20:23:27.142  2053  2053 D BufferQueueConsumer: [ViewRootImpl@97f7a05[Toast]#2237(BLAST Consumer)2237](id:805000008c2,api:0,p:-1,c:2053) disconnect
08-18 20:23:27.144  1519  2225 W InputManager-JNI: Input channel object '3265f6f Toast (client)' was disposed without first being removed with the input manager!
08-18 20:23:27.145  1519  2225 V WindowManager: Remove Window{3265f6f u0 Toast}: mSurfaceController=Surface(name=Toast$_2053)/@0x5003599 mAnimatingExit=false mRemoveOnExit=false mHasSurface=true surfaceShowing=true animating=false app-animation=false mDisplayFrozen=false callers=com.android.server.wm.WindowManagerService.removeWindow:2148 com.android.server.wm.Session.remove:257 android.view.IWindowSession$Stub.onTransact:747 com.android.server.wm.Session.onTransact:204 android.os.Binder.execTransactInternal:1380 android.os.Binder.execTransact:1311 
08-18 20:23:27.145  1519  2225 I WindowManager: Reparenting to leash, surface=Surface(name=3265f6f Toast)/@0x3e3838b, leashParent=Surface(name=WindowToken{50f0745 type=2005 android.os.Binder@deedbbc})/@0x2758c68
08-18 20:23:27.146   950  1010 E BufferQueueDebug: [Surface(name=3265f6f Toast)/@0x3e3838b - animation-leash of window_animation#40824](this:0xb4000074aa5b0ba0,id:-1,api:0,p:-1,c:-1) id info cannot be read from 'Surface(name=3265f6f Toast)/@0x3e3838b - animation-leash of window_animation#40824'
08-18 20:23:27.146   950  1010 I BufferQueueDebug: [Surface(name=3265f6f Toast)/@0x3e3838b - animation-leash of window_animation#40824](this:0xb4000074aa5b0ba0,id:-1,api:0,p:-1,c:-1) BufferQueue core=(950:/system/bin/surfaceflinger)
08-18 20:23:27.147   950  1010 I SurfaceFlinger: id=40824 createSurf, flag=24000, Surface(name=3265f6f Toast)/@0x3e3838b - animation-leash of window_animation#40824
08-18 20:23:27.148  1519  2225 D WindowManager: makeSurface duration=3 leash=Surface(name=Surface(name=3265f6f Toast)/@0x3e3838b - animation-leash of window_animation)/@0xec1a05e
08-18 20:23:27.148  1519  2225 V WindowManager: removeIfPossible 2, Window{3265f6f u0 Toast}: mAnimatingExit=true caller=com.android.server.wm.WindowManagerService.removeWindow:2148 com.android.server.wm.Session.remove:257 android.view.IWindowSession$Stub.onTransact:747 com.android.server.wm.Session.onTransact:204 android.os.Binder.execTransactInternal:1380 
08-18 20:23:27.152  1519  2225 W NotificationService: Toast already killed. pkg=com.sdrradio.app token=android.os.BinderProxy@e021c3f
08-18 20:23:27.159 17587 17587 I ViewRootImpl@da5e40d[MainActivity]: ViewPostIme pointer 1
08-18 20:23:27.164 17587 17587 D MainActivity: Tentando conectar dispositivo...
08-18 20:23:27.164 17587 17587 E MainActivity: Nenhum dispositivo RTL-SDR encontrado
08-18 20:23:27.169 17587 17587 I Toast   : show: caller = com.sdrradio.app.MainActivity.connectDevice:297 
08-18 20:23:27.169 17587 17587 I Toast   : show: contextDispId = 0 mCustomDisplayId = -1 focusedDisplayId = 0 isActivityContext = true
08-18 20:23:27.171  1519  2225 W ContextImpl: Calling a method in the system process without a qualified user: android.app.ContextImpl.sendBroadcast:1281 com.android.server.notification.sec.DisplayToast.sendIntentForToastDumpLog:156 com.android.server.notification.sec.DisplayToast.outFile:106 com.android.server.notification.sec.DisplayToast.out:62 com.android.server.notification.NotificationManagerService$15.enqueueToastForDex:5125 
08-18 20:23:27.171  2053  2053 V ToastPresenter: yOffset = 168
08-18 20:23:27.171  2053  2053 V ToastPresenter: Text: Oenh in android.widget.ToastPresenter@750a462
08-18 20:23:27.172  2053  2053 I WindowManager: WindowManagerGlobal#addView, ty=2005, view=android.widget.LinearLayout{53809f3 V.E...... ......I. 0,0-0,0}, caller=android.view.WindowManagerImpl.addView:150 android.widget.ToastPresenter.addToastView:414 android.widget.ToastPresenter.show:335 
08-18 20:23:27.179   950  1332 E BufferQueueDebug: [444dd0e Toast#40826](this:0xb4000074aa659ba0,id:-1,api:0,p:-1,c:-1) id info cannot be read from '444dd0e Toast#40826'
08-18 20:23:27.179   950  1332 I BufferQueueDebug: [444dd0e Toast#40826](this:0xb4000074aa659ba0,id:-1,api:0,p:-1,c:-1) BufferQueue core=(950:/system/bin/surfaceflinger)
08-18 20:23:27.179   950  1332 I SurfaceFlinger: id=40826 createSurf, flag=84004, 444dd0e Toast#40826
08-18 20:23:27.184  2053  2053 I InsetsController: onStateChanged: host=Toast, from=android.view.ViewRootImpl.setView:1753, state=InsetsState: {mDisplayFrame=Rect(0, 0 - 1080, 2340), mDisplayCutout=DisplayCutout{insets=Rect(0, 80 - 0, 0) waterfall=Insets{left=0, top=0, right=0, bottom=0} boundingRect={Bounds=[Rect(0, 0 - 0, 0), Rect(472, 0 - 608, 80), Rect(0, 0 - 0, 0), Rect(0, 0 - 0, 0)]} cutoutPathParserInfo={CutoutPathParserInfo{displayWidth=1080 displayHeight=2340 physicalDisplayWidth=1080 physicalDisplayHeight=2340 density={2.8125} cutoutSpec={M 0,0 H -24.177777778 V 28.4444444444 H 24.177777778 V 0 H 0 Z @dp} rotation={0} scale={1.0} physicalPixelDisplaySizeRatio={1.0}}}}, mRoundedCorners=RoundedCorners{[RoundedCorner{position=TopLeft, radius=0, center=Point(0, 0)}, RoundedCorner{position=TopRight, radius=0, center=Point(0, 0)}, RoundedCorner{position=BottomRight, radius=0, center=Point(0, 0)}, RoundedCorner{position=BottomLeft, radius=0, center=Point(0, 0)}]}  mRoundedCornerFrame=Rect(0, 0 - 0, 0), mPrivacyIndicatorBounds=PrivacyIndicatorBounds {static bounds=Rect(964, 0 - 1080, 80) rotation=0}, mDisplayShape=DisplayShape{ spec=-311912193 displayWidth=1080 displayHeight=2340 physicalPixelDisplaySizeRatio=1.0 rotation=0 offsetX=0 offsetY=0 scale=1.0}, mSources= { InsetsSource: {e3260001 mType=navigationBars mFrame=[0,2301][1080,2340] mVisible=true mFlags=[SUPPRESS_SCRIM]}, InsetsSource: {e3260004 mType=systemGestures mFrame=[0,0][78,2340] mVisible=true mFlags=[]}, InsetsSource: {e3260005 mType=mandatorySystemGestures mFrame=[0,2256][1080,2340] mVisible=true mFlags=[]}, InsetsSource: {e3260006 mType=tappableElement mFrame=[0,0][0,0] mVisible=true mFlags=[]}, InsetsSource: {e3260024 mType=systemGestures mFrame=[1002,0][1080,2340] mVisible=true mFlags=[]}, InsetsSource: {3 mType=ime mFrame=[0,0][0,0] mVisible=false mFlags=[]}, InsetsSource: {27 mType=displayCutout mFrame=[0,0][1080,80] mVisible=true mFlags=[]}, InsetsSource: {737f0000 mType=statusBars mFrame=[0,0][1080,80] mVisible=true mFlags=[]}, InsetsSource: {737f0005 mType=mandatorySystemGestures mFrame=[0,0][1080,112] mVisible=true mFlags=[]}, InsetsSource: {737f0006 mType=tappableElement mFrame=[0,0][1080,80] mVisible=true mFlags=[]} }
08-18 20:23:27.184  2053  2053 I ViewRootImpl@d676b0[Toast]: synced displayState. AttachInfo displayState=2
08-18 20:23:27.184  2053  2053 I ViewRootImpl@d676b0[Toast]: setView = android.widget.LinearLayout@53809f3 TM=true
08-18 20:23:27.187  1519  2934 D CoreBackPreview: Window{444dd0e u0 Toast}: Setting back callback OnBackInvokedCallbackInfo{mCallback=android.window.IOnBackInvokedCallback$Stub$Proxy@af5bc1a, mPriority=0, mIsAnimationCallback=false}
08-18 20:23:27.187  1519  4466 V WindowManager: Relayout Window{444dd0e u0 Toast}: viewVisibility=0 req=822x116 ty=2005 d0
08-18 20:23:27.190   950  1332 E BufferQueueDebug: [Toast$_2053#40827](this:0xb4000074aa408ba0,id:-1,api:0,p:-1,c:-1) id info cannot be read from 'Toast$_2053#40827'
08-18 20:23:27.190   950  1332 I BufferQueueDebug: [Toast$_2053#40827](this:0xb4000074aa408ba0,id:-1,api:0,p:-1,c:-1) BufferQueue core=(950:/system/bin/surfaceflinger)
08-18 20:23:27.190   950  1332 I SurfaceFlinger: id=40827 createSurf, flag=44004, Toast$_2053#40827
08-18 20:23:27.191  1519  4466 D WindowManager: makeSurface duration=4 name=Toast$_2053
08-18 20:23:27.198  2053  2053 D BufferQueueConsumer: [](id:805000008c3,api:0,p:-1,c:2053) connect: controlledByApp=false
08-18 20:23:27.199  2053  2053 I BLASTBufferQueue_Java: new BLASTBufferQueue, mName= ViewRootImpl@d676b0[Toast] mNativeObject= 0xb400006dc4bc2f80 sc.mNativeObject= 0xb400006de9cb8b00 caller= android.view.ViewRootImpl.updateBlastSurfaceIfNeeded:3028 android.view.ViewRootImpl.relayoutWindow:10131 android.view.ViewRootImpl.performTraversals:4110 android.view.ViewRootImpl.doTraversal:3288 android.view.ViewRootImpl$TraversalRunnable.run:11344 android.view.Choreographer$CallbackRecord.run:1689 android.view.Choreographer$CallbackRecord.run:1698 android.view.Choreographer.doCallbacks:1153 android.view.Choreographer.doFrame:1079 android.view.Choreographer$FrameDisplayEventReceiver.run:1646 
08-18 20:23:27.199  2053  2053 I BLASTBufferQueue_Java: update, w= 822 h= 116 mName = ViewRootImpl@d676b0[Toast] mNativeObject= 0xb400006dc4bc2f80 sc.mNativeObject= 0xb400006de9cb8b00 format= -3 caller= android.graphics.BLASTBufferQueue.<init>:89 android.view.ViewRootImpl.updateBlastSurfaceIfNeeded:3028 android.view.ViewRootImpl.relayoutWindow:10131 android.view.ViewRootImpl.performTraversals:4110 android.view.ViewRootImpl.doTraversal:3288 android.view.ViewRootImpl$TraversalRunnable.run:11344 
08-18 20:23:27.199  2053  2053 I ViewRootImpl@d676b0[Toast]: Relayout returned: old=(0,80,1080,2301) new=(129,2017,951,2133) relayoutAsync=false req=(822,116)0 dur=11 res=0x3 s={true 0xb400006dc4e88800} ch=true seqId=0
08-18 20:23:27.200  2053  2053 I ViewRootImpl@d676b0[Toast]: performConfigurationChange setNightDimText nightDimLevel=0
08-18 20:23:27.200  2053  2053 D ViewRootImpl@d676b0[Toast]: mThreadedRenderer.initialize() mSurface={isValid=true 0xb400006dc4e88800} hwInitialized=true
08-18 20:23:27.201  2053  2053 D ViewRootImpl@d676b0[Toast]: reportNextDraw android.view.ViewRootImpl.performTraversals:4718 android.view.ViewRootImpl.doTraversal:3288 android.view.ViewRootImpl$TraversalRunnable.run:11344 android.view.Choreographer$CallbackRecord.run:1689 android.view.Choreographer$CallbackRecord.run:1698 
08-18 20:23:27.201  2053  2053 I ViewRootImpl@d676b0[Toast]: Setup new sync=wmsSync-ViewRootImpl@d676b0[Toast]#81
08-18 20:23:27.201  2053  2053 I ViewRootImpl@d676b0[Toast]: Creating new active sync group ViewRootImpl@d676b0[Toast]#82
08-18 20:23:27.202  2053  2053 I ViewRootImpl@d676b0[Toast]: registerCallbacksForSync syncBuffer=false
08-18 20:23:27.204  2053  2807 I ViewRootImpl@d676b0[Toast]: Received frameDrawingCallback syncResult=0 frameNum=1.
08-18 20:23:27.204  2053  2807 I ViewRootImpl@d676b0[Toast]: mWNT: t=0xb400006dc4b20b80 mBlastBufferQueue=0xb400006dc4bc2f80 fn= 1 mRenderHdrSdrRatio=1.0 caller= android.view.ViewRootImpl$8.onFrameDraw:13841 android.view.ThreadedRenderer$1.onFrameDraw:792 <bottom of call stack> 
08-18 20:23:27.205  2053  2807 I ViewRootImpl@d676b0[Toast]: Setting up sync and frameCommitCallback
08-18 20:23:27.208  2053  2217 D BLASTBufferQueue: [ViewRootImpl@d676b0[Toast]#2238](f:0,a:0) onFrameAvailable the first frame is available
08-18 20:23:27.209  2053  2217 D BLASTBufferQueue: [ViewRootImpl@d676b0[Toast]#2238](f:0,a:1) acquireNextBufferLocked size=822x116 mFrameNumber=1 applyTransaction=true mTimestamp=316888194736887(auto) mPendingTransactions.size=0 graphicBufferId=8817567885351 transform=0
08-18 20:23:27.209  2053  2217 I ViewRootImpl@d676b0[Toast]: Received frameCommittedCallback lastAttemptedDrawFrameNum=1 didProduceBuffer=true
08-18 20:23:27.211  2053  2053 I ViewRootImpl@d676b0[Toast]: reportDrawFinished seqId=0
08-18 20:23:27.212  1519  2934 D WindowManager: finishDrawingWindow: Window{444dd0e u0 Toast} mDrawState=DRAW_PENDING seqId=0
08-18 20:23:27.217  1519  1548 I WindowManager: Reparenting to leash, surface=Surface(name=444dd0e Toast)/@0xd334b, leashParent=Surface(name=WindowToken{6c2fdaa type=2005 android.os.Binder@21ac895})/@0x241e128
08-18 20:23:27.218   950  1010 E BufferQueueDebug: [Surface(name=444dd0e Toast)/@0xd334b - animation-leash of window_animation#40828](this:0xb4000074aa5b3ba0,id:-1,api:0,p:-1,c:-1) id info cannot be read from 'Surface(name=444dd0e Toast)/@0xd334b - animation-leash of window_animation#40828'
08-18 20:23:27.218   950  1010 I BufferQueueDebug: [Surface(name=444dd0e Toast)/@0xd334b - animation-leash of window_animation#40828](this:0xb4000074aa5b3ba0,id:-1,api:0,p:-1,c:-1) BufferQueue core=(950:/system/bin/surfaceflinger)
08-18 20:23:27.218   950  1010 I SurfaceFlinger: id=40828 createSurf, flag=24004, Surface(name=444dd0e Toast)/@0xd334b - animation-leash of window_animation#40828
08-18 20:23:27.219  1519  1548 D WindowManager: makeSurface duration=2 leash=Surface(name=Surface(name=444dd0e Toast)/@0xd334b - animation-leash of window_animation)/@0x5973e41
08-18 20:23:27.220  1519  1548 V WindowManager: performShowLocked: mDrawState=HAS_DRAWN in Window{444dd0e u0 Toast}
08-18 20:23:27.228   950   950 I Layer   : Layer [Toast$_2053#40827] hidden!! flag(0)
08-18 20:23:27.267   950   950 D SurfaceFlinger:      DEVICE | 0xb4000074aa93aa80 | 0102 | RGBA_8888    |    0.0    0.0 1080.0 2340.0 |    0    0 1080 2340 | com.sdrradio.app/com.sdrradio.app.MainActivity$_17587#40772
08-18 20:23:27.267   950   950 D SurfaceFlinger:      DEVICE | 0xb4000074ab26f980 | 0100 | RGBA_8888    |    0.0    0.0  682.0  116.0 |  199 2017  881 2133 | Toast$_2053#40820
08-18 20:23:27.267   950   950 D SurfaceFlinger:      DEVICE | 0xb4000074afd51fc0 | 0100 | RGBA_8888    |    0.0    0.0  822.0  116.0 |  129 2017  951 2133 | Toast$_2053#40827
08-18 20:23:27.276 17587 17587 I ViewRootImpl@da5e40d[MainActivity]: ViewPostIme pointer 0
08-18 20:23:27.352 17587 17587 I ViewRootImpl@da5e40d[MainActivity]: ViewPostIme pointer 1
08-18 20:23:27.366 17587 17587 D MainActivity: Tentando conectar dispositivo...
08-18 20:23:27.366 17587 17587 E MainActivity: Nenhum dispositivo RTL-SDR encontrado
08-18 20:23:27.374 17587 17587 I Toast   : show: caller = com.sdrradio.app.MainActivity.connectDevice:297 
08-18 20:23:27.375 17587 17587 I Toast   : show: contextDispId = 0 mCustomDisplayId = -1 focusedDisplayId = 0 isActivityContext = true
08-18 20:23:27.378  1519  2934 W ContextImpl: Calling a method in the system process without a qualified user: android.app.ContextImpl.sendBroadcast:1281 com.android.server.notification.sec.DisplayToast.sendIntentForToastDumpLog:156 com.android.server.notification.sec.DisplayToast.outFile:106 com.android.server.notification.sec.DisplayToast.out:62 com.android.server.notification.NotificationManagerService$15.enqueueToastForDex:5125 
08-18 20:23:27.436 17587 17587 I ViewRootImpl@da5e40d[MainActivity]: ViewPostIme pointer 0
08-18 20:23:27.495 17587 17587 I ViewRootImpl@da5e40d[MainActivity]: ViewPostIme pointer 1
08-18 20:23:27.504 17587 17587 D MainActivity: Tentando conectar dispositivo...
08-18 20:23:27.504 17587 17587 E MainActivity: Nenhum dispositivo RTL-SDR encontrado
08-18 20:23:27.509 17587 17587 I Toast   : show: caller = com.sdrradio.app.MainActivity.connectDevice:297 
08-18 20:23:27.509 17587 17587 I Toast   : show: contextDispId = 0 mCustomDisplayId = -1 focusedDisplayId = 0 isActivityContext = true
08-18 20:23:27.513  1519  2934 W ContextImpl: Calling a method in the system process without a qualified user: android.app.ContextImpl.sendBroadcast:1281 com.android.server.notification.sec.DisplayToast.sendIntentForToastDumpLog:156 com.android.server.notification.sec.DisplayToast.outFile:106 com.android.server.notification.sec.DisplayToast.out:62 com.android.server.notification.NotificationManagerService$15.enqueueToastForDex:5125 
08-18 20:23:27.660  1519  1548 I WindowManager: Reparenting to original parent: Surface(name=WindowToken{50f0745 type=2005 android.os.Binder@deedbbc})/@0x2758c68, destroy=true, surface=Surface(name=3265f6f Toast)/@0x3e3838b
08-18 20:23:27.678  1519  1548 I WindowManager: Destroying surface Surface(name=Toast$_2053)/@0x5003599 called by com.android.server.wm.WindowStateAnimator.destroySurface:799 com.android.server.wm.WindowStateAnimator.destroySurfaceLocked:472 com.android.server.wm.WindowState.removeImmediately:2937 com.android.server.wm.WindowState.handleCompleteDeferredRemoval:5780 com.android.server.wm.WindowContainer.handleCompleteDeferredRemoval:1476 com.android.server.wm.WindowContainer.handleCompleteDeferredRemoval:1476 com.android.server.wm.WindowContainer.handleCompleteDeferredRemoval:1476 com.android.server.wm.WindowContainer.handleCompleteDeferredRemoval:1476 
08-18 20:23:27.685   950   950 D SurfaceFlinger:      DEVICE | 0xb4000074aa93aa80 | 0102 | RGBA_8888    |    0.0    0.0 1080.0 2340.0 |    0    0 1080 2340 | com.sdrradio.app/com.sdrradio.app.MainActivity$_17587#40772
08-18 20:23:27.685   950   950 D SurfaceFlinger:      DEVICE | 0xb4000074afd51fc0 | 0100 | RGBA_8888    |    0.0    0.0  822.0  116.0 |  129 2017  951 2133 | Toast$_2053#40827
08-18 20:23:27.693   950   950 I Layer   : id=40819 removeFromCurrentState 3265f6f Toast#40819 (232)
08-18 20:23:27.693   950   950 I Layer   : id=40820 removeFromCurrentState Toast$_2053#40820 (232)
08-18 20:23:27.694   950   950 I Layer   : id=40824 removeFromCurrentState Surface(name=3265f6f Toast)/@0x3e3838b - animation-leash of window_animation#40824 (232)
08-18 20:23:27.694   950   950 I Layer   : Layer [Toast$_2053#40820] hidden!! flag(1)
08-18 20:23:27.694   950   950 I Layer   : id=40820 removeFromCurrentState Toast$_2053#40820 (232)
08-18 20:23:27.695   950   950 I SurfaceFlinger: id=40820 Removed Toast$_2053#40820 (232)
08-18 20:23:27.695   950   950 I SurfaceFlinger: id=40824 Removed Surface(name=3265f6f Toast)/@0x3e3838b - animation-leash of window_animation#40824 (232)
08-18 20:23:27.695   950   950 I SurfaceFlinger: id=40819 Removed 3265f6f Toast#40819 (232)
08-18 20:23:27.710   950   950 I BufferQueueDebug: [Surface(name=3265f6f Toast)/@0x3e3838b - animation-leash of window_animation#40824](this:0xb4000074aa5b0ba0,id:-1,api:0,p:-1,c:950) onDestructor()
08-18 20:23:27.711   950   950 I Layer   : id=40824 Destroyed Surface(name=3265f6f Toast)/@0x3e3838b - animation-leash of window_animation#40824
08-18 20:23:27.711   950   950 I BufferQueueDebug: [Toast$_2053#40820](this:0xb4000074afea0ba0,id:-1,api:0,p:-1,c:950) onDestructor()
08-18 20:23:27.711   950   950 I Layer   : id=40820 Destroyed Toast$_2053#40820
08-18 20:23:27.711   950   950 I BufferQueueDebug: [3265f6f Toast#40819](this:0xb4000074b0067ba0,id:-1,api:0,p:-1,c:950) onDestructor()
08-18 20:23:27.711   950   950 I Layer   : id=40819 Destroyed 3265f6f Toast#40819
08-18 20:23:27.745  1519  1548 I WindowManager: Reparenting to original parent: Surface(name=WindowToken{6c2fdaa type=2005 android.os.Binder@21ac895})/@0x241e128, destroy=true, surface=Surface(name=444dd0e Toast)/@0xd334b
08-18 20:23:27.761   950   950 I Layer   : id=40828 removeFromCurrentState Surface(name=444dd0e Toast)/@0xd334b - animation-leash of window_animation#40828 (229)
08-18 20:23:27.763   950   950 I SurfaceFlinger: id=40828 Removed Surface(name=444dd0e Toast)/@0xd334b - animation-leash of window_animation#40828 (229)
08-18 20:23:27.777   950   950 I BufferQueueDebug: [Surface(name=444dd0e Toast)/@0xd334b - animation-leash of window_animation#40828](this:0xb4000074aa5b3ba0,id:-1,api:0,p:-1,c:950) onDestructor()
08-18 20:23:27.777   950   950 I Layer   : id=40828 Destroyed Surface(name=444dd0e Toast)/@0xd334b - animation-leash of window_animation#40828
08-18 20:23:27.893   950   950 I BufferQueueProducer: [com.sdrradio.app/com.sdrradio.app.MainActivity$_17587#40772](this:0xb4000074aa569ba0,id:-1,api:0,p:-1,c:950) queueBuffer: fps=57.13 dur=1015.24 max=33.58 min=16.11
08-18 20:23:28.029 17587 17587 I ViewRootImpl@da5e40d[MainActivity]: ViewPostIme pointer 0
08-18 20:23:28.303 17587 17587 I ViewRootImpl@da5e40d[MainActivity]: ViewPostIme pointer 1
08-18 20:23:28.404   886   923 E BatteryDump: !@new_battery_dump : 3783,-11,475,550,26,353,353,400,0,0,372,400,0,Charging,NO_CHARGING,Normal,Good,USB,1,Normal,0,0,9600,0x0,0x10000,0x0,0,0,0000,0000,00000000,0,0,0,0,218,3763,2590,990,0,
08-18 20:23:28.418  2053  2053 I AODBatteryManager: saveBatteryData : AOD BatteryData [mBatteryLevel=26, mBatteryStatus=CHARGING, mBatteryPlugType=USB, mBatteryPlugged=true, mRemainingChargeTime=27502000, mBatteryChargingType=1, mBatteryChargerType=NORMAL, mBatteryOnline=USB, mBatterySwellingMode=NONE, mBatteryProtectMode=false, mBatteryProtectModeType=1, mSleepChargingEvent=null, mSleepChargingEventFinishTime=null]
08-18 20:23:28.443 12772 17162 W FusedLocation: mock location injection by 10406/com.just4funtools.fakegpslocationprofessional failed (not in mock mode) [CONTEXT service_id=6 ]
08-18 20:23:28.814 17587 17587 I ViewRootImpl@da5e40d[MainActivity]: ViewPostIme pointer 0
08-18 20:23:28.942   950   950 I BufferQueueProducer: [com.sdrradio.app/com.sdrradio.app.MainActivity$_17587#40772](this:0xb4000074aa569ba0,id:-1,api:0,p:-1,c:950) queueBuffer: fps=20.98 dur=1048.81 max=382.44 min=16.28
08-18 20:23:28.973 16299 16475 I [-0300]oneconnect[1.8.34.21_01][CORE]: DataConvert.parseBleVd - deviceBle : |name:|deviceType:TV|discoverType:_BLE|services:None|connected:false[TvStatusString]POWER_OFF[TvStatus]-128[TvService]102[TvMirrorChannel]1[TvRegisteredDB][-40, -1, -56, -119, 87, 0][TvYear]2016[TvOcfInfo]0[TvAcmStatus]0[ExTvStatus]0[ExtendedStatus]-1[ModuloSn]-1
08-18 20:23:29.128 16299 16475 I [-0300]oneconnect[1.8.34.21_01][CORE]: DataConvert.parseBleVd - deviceBle : |name:|deviceType:TV|discoverType:_BLE|services:None|connected:false[TvStatusString]POWER_OFF[TvStatus]-128[TvService]102[TvMirrorChannel]1[TvRegisteredDB][-40, -1, -56, -119, 87, 0][TvYear]2016[TvOcfInfo]0[TvAcmStatus]0[ExTvStatus]0[ExtendedStatus]-1[ModuloSn]-1
08-18 20:23:29.569 17587 17587 I ViewRootImpl@da5e40d[MainActivity]: ViewPostIme pointer 1
08-18 20:23:29.723  2053  2053 I WindowManager: WindowManagerGlobal#removeView, ty=2005, view=android.widget.LinearLayout{53809f3 V.E...... ........ 0,0-822,116}, caller=android.view.WindowManagerGlobal.removeView:628 android.view.WindowManagerImpl.removeViewImmediate:208 android.widget.ToastPresenter.hide:358 
08-18 20:23:29.723  1519  2934 D CoreBackPreview: Window{444dd0e u0 Toast}: Setting back callback null
08-18 20:23:29.725  2053  2053 I ViewRootImpl@d676b0[Toast]: dispatchDetachedFromWindow
08-18 20:23:29.726  2053  2053 D BLASTBufferQueue: [ViewRootImpl@d676b0[Toast]#2238](f:0,a:1) destructor()
08-18 20:23:29.726  2053  2053 D BufferQueueConsumer: [ViewRootImpl@d676b0[Toast]#2238(BLAST Consumer)2238](id:805000008c3,api:0,p:-1,c:2053) disconnect
08-18 20:23:29.727  1519  2934 W InputManager-JNI: Input channel object '444dd0e Toast (client)' was disposed without first being removed with the input manager!
08-18 20:23:29.727  1519  2934 V WindowManager: Remove Window{444dd0e u0 Toast}: mSurfaceController=Surface(name=Toast$_2053)/@0xc1ae96 mAnimatingExit=false mRemoveOnExit=false mHasSurface=true surfaceShowing=true animating=false app-animation=false mDisplayFrozen=false callers=com.android.server.wm.WindowManagerService.removeWindow:2148 com.android.server.wm.Session.remove:257 android.view.IWindowSession$Stub.onTransact:747 com.android.server.wm.Session.onTransact:204 android.os.Binder.execTransactInternal:1380 android.os.Binder.execTransact:1311 
08-18 20:23:29.728  1519  2934 I WindowManager: Reparenting to leash, surface=Surface(name=444dd0e Toast)/@0xd334b, leashParent=Surface(name=WindowToken{6c2fdaa type=2005 android.os.Binder@21ac895})/@0x241e128
08-18 20:23:29.728   950  1329 E BufferQueueDebug: [Surface(name=444dd0e Toast)/@0xd334b - animation-leash of window_animation#40829](this:0xb4000074b00daba0,id:-1,api:0,p:-1,c:-1) id info cannot be read from 'Surface(name=444dd0e Toast)/@0xd334b - animation-leash of window_animation#40829'
08-18 20:23:29.728   950  1329 I BufferQueueDebug: [Surface(name=444dd0e Toast)/@0xd334b - animation-leash of window_animation#40829](this:0xb4000074b00daba0,id:-1,api:0,p:-1,c:-1) BufferQueue core=(950:/system/bin/surfaceflinger)
08-18 20:23:29.728   950  1329 I SurfaceFlinger: id=40829 createSurf, flag=24000, Surface(name=444dd0e Toast)/@0xd334b - animation-leash of window_animation#40829
08-18 20:23:29.730  1519  2934 D WindowManager: makeSurface duration=2 leash=Surface(name=Surface(name=444dd0e Toast)/@0xd334b - animation-leash of window_animation)/@0x3ad3a17
08-18 20:23:29.730  1519  2934 V WindowManager: removeIfPossible 2, Window{444dd0e u0 Toast}: mAnimatingExit=true caller=com.android.server.wm.WindowManagerService.removeWindow:2148 com.android.server.wm.Session.remove:257 android.view.IWindowSession$Stub.onTransact:747 com.android.server.wm.Session.onTransact:204 android.os.Binder.execTransactInternal:1380 
08-18 20:23:29.735  1519  4466 W NotificationService: Toast already killed. pkg=com.sdrradio.app token=android.os.BinderProxy@d3eee04
08-18 20:23:29.753  2053  2053 V ToastPresenter: yOffset = 168
08-18 20:23:29.754  2053  2053 V ToastPresenter: Text: Oenh in android.widget.ToastPresenter@14c7d1
08-18 20:23:29.754  2053  2053 I WindowManager: WindowManagerGlobal#addView, ty=2005, view=android.widget.LinearLayout{a60f236 V.E...... ......I. 0,0-0,0}, caller=android.view.WindowManagerImpl.addView:150 android.widget.ToastPresenter.addToastView:414 android.widget.ToastPresenter.show:335 
08-18 20:23:29.762   950  1008 E BufferQueueDebug: [51e6de9 Toast#40830](this:0xb4000074aff88ba0,id:-1,api:0,p:-1,c:-1) id info cannot be read from '51e6de9 Toast#40830'
08-18 20:23:29.763   950  1008 I BufferQueueDebug: [51e6de9 Toast#40830](this:0xb4000074aff88ba0,id:-1,api:0,p:-1,c:-1) BufferQueue core=(950:/system/bin/surfaceflinger)
08-18 20:23:29.763   950  1008 I SurfaceFlinger: id=40830 createSurf, flag=84004, 51e6de9 Toast#40830
08-18 20:23:29.767  2053  2053 I InsetsController: onStateChanged: host=Toast, from=android.view.ViewRootImpl.setView:1753, state=InsetsState: {mDisplayFrame=Rect(0, 0 - 1080, 2340), mDisplayCutout=DisplayCutout{insets=Rect(0, 80 - 0, 0) waterfall=Insets{left=0, top=0, right=0, bottom=0} boundingRect={Bounds=[Rect(0, 0 - 0, 0), Rect(472, 0 - 608, 80), Rect(0, 0 - 0, 0), Rect(0, 0 - 0, 0)]} cutoutPathParserInfo={CutoutPathParserInfo{displayWidth=1080 displayHeight=2340 physicalDisplayWidth=1080 physicalDisplayHeight=2340 density={2.8125} cutoutSpec={M 0,0 H -24.177777778 V 28.4444444444 H 24.177777778 V 0 H 0 Z @dp} rotation={0} scale={1.0} physicalPixelDisplaySizeRatio={1.0}}}}, mRoundedCorners=RoundedCorners{[RoundedCorner{position=TopLeft, radius=0, center=Point(0, 0)}, RoundedCorner{position=TopRight, radius=0, center=Point(0, 0)}, RoundedCorner{position=BottomRight, radius=0, center=Point(0, 0)}, RoundedCorner{position=BottomLeft, radius=0, center=Point(0, 0)}]}  mRoundedCornerFrame=Rect(0, 0 - 0, 0), mPrivacyIndicatorBounds=PrivacyIndicatorBounds {static bounds=Rect(964, 0 - 1080, 80) rotation=0}, mDisplayShape=DisplayShape{ spec=-311912193 displayWidth=1080 displayHeight=2340 physicalPixelDisplaySizeRatio=1.0 rotation=0 offsetX=0 offsetY=0 scale=1.0}, mSources= { InsetsSource: {e3260001 mType=navigationBars mFrame=[0,2301][1080,2340] mVisible=true mFlags=[SUPPRESS_SCRIM]}, InsetsSource: {e3260004 mType=systemGestures mFrame=[0,0][78,2340] mVisible=true mFlags=[]}, InsetsSource: {e3260005 mType=mandatorySystemGestures mFrame=[0,2256][1080,2340] mVisible=true mFlags=[]}, InsetsSource: {e3260006 mType=tappableElement mFrame=[0,0][0,0] mVisible=true mFlags=[]}, InsetsSource: {e3260024 mType=systemGestures mFrame=[1002,0][1080,2340] mVisible=true mFlags=[]}, InsetsSource: {3 mType=ime mFrame=[0,0][0,0] mVisible=false mFlags=[]}, InsetsSource: {27 mType=displayCutout mFrame=[0,0][1080,80] mVisible=true mFlags=[]}, InsetsSource: {737f0000 mType=statusBars mFrame=[0,0][1080,80] mVisible=true mFlags=[]}, InsetsSource: {737f0005 mType=mandatorySystemGestures mFrame=[0,0][1080,112] mVisible=true mFlags=[]}, InsetsSource: {737f0006 mType=tappableElement mFrame=[0,0][1080,80] mVisible=true mFlags=[]} }
08-18 20:23:29.767  2053  2053 I ViewRootImpl@d7c537[Toast]: synced displayState. AttachInfo displayState=2
08-18 20:23:29.767  2053  2053 I ViewRootImpl@d7c537[Toast]: setView = android.widget.LinearLayout@a60f236 TM=true
08-18 20:23:29.770  1519  4466 D CoreBackPreview: Window{51e6de9 u0 Toast}: Setting back callback OnBackInvokedCallbackInfo{mCallback=android.window.IOnBackInvokedCallback$Stub$Proxy@ae7550f, mPriority=0, mIsAnimationCallback=false}
08-18 20:23:29.771  1519  2934 V WindowManager: Relayout Window{51e6de9 u0 Toast}: viewVisibility=0 req=822x116 ty=2005 d0
08-18 20:23:29.771   950  1008 E BufferQueueDebug: [Toast$_2053#40831](this:0xb4000074affa8ba0,id:-1,api:0,p:-1,c:-1) id info cannot be read from 'Toast$_2053#40831'
08-18 20:23:29.772   950  1008 I BufferQueueDebug: [Toast$_2053#40831](this:0xb4000074affa8ba0,id:-1,api:0,p:-1,c:-1) BufferQueue core=(950:/system/bin/surfaceflinger)
08-18 20:23:29.772   950  1008 I SurfaceFlinger: id=40831 createSurf, flag=44004, Toast$_2053#40831
08-18 20:23:29.773  1519  2934 D WindowManager: makeSurface duration=2 name=Toast$_2053
08-18 20:23:29.781  2053  2053 D BufferQueueConsumer: [](id:805000008c4,api:0,p:-1,c:2053) connect: controlledByApp=false
08-18 20:23:29.782  2053  2053 I BLASTBufferQueue_Java: new BLASTBufferQueue, mName= ViewRootImpl@d7c537[Toast] mNativeObject= 0xb400006dc4bc2f80 sc.mNativeObject= 0xb400006dea177780 caller= android.view.ViewRootImpl.updateBlastSurfaceIfNeeded:3028 android.view.ViewRootImpl.relayoutWindow:10131 android.view.ViewRootImpl.performTraversals:4110 android.view.ViewRootImpl.doTraversal:3288 android.view.ViewRootImpl$TraversalRunnable.run:11344 android.view.Choreographer$CallbackRecord.run:1689 android.view.Choreographer$CallbackRecord.run:1698 android.view.Choreographer.doCallbacks:1153 android.view.Choreographer.doFrame:1079 android.view.Choreographer$FrameDisplayEventReceiver.run:1646 
08-18 20:23:29.782  2053  2053 I BLASTBufferQueue_Java: update, w= 822 h= 116 mName = ViewRootImpl@d7c537[Toast] mNativeObject= 0xb400006dc4bc2f80 sc.mNativeObject= 0xb400006dea177780 format= -3 caller= android.graphics.BLASTBufferQueue.<init>:89 android.view.ViewRootImpl.updateBlastSurfaceIfNeeded:3028 android.view.ViewRootImpl.relayoutWindow:10131 android.view.ViewRootImpl.performTraversals:4110 android.view.ViewRootImpl.doTraversal:3288 android.view.ViewRootImpl$TraversalRunnable.run:11344 
08-18 20:23:29.783  2053  2053 I ViewRootImpl@d7c537[Toast]: Relayout returned: old=(0,80,1080,2301) new=(129,2017,951,2133) relayoutAsync=false req=(822,116)0 dur=11 res=0x3 s={true 0xb400006dc4e88800} ch=true seqId=0
08-18 20:23:29.783  2053  2053 I ViewRootImpl@d7c537[Toast]: performConfigurationChange setNightDimText nightDimLevel=0
08-18 20:23:29.784  2053  2053 D ViewRootImpl@d7c537[Toast]: mThreadedRenderer.initialize() mSurface={isValid=true 0xb400006dc4e88800} hwInitialized=true
08-18 20:23:29.786  2053  2053 D ViewRootImpl@d7c537[Toast]: reportNextDraw android.view.ViewRootImpl.performTraversals:4718 android.view.ViewRootImpl.doTraversal:3288 android.view.ViewRootImpl$TraversalRunnable.run:11344 android.view.Choreographer$CallbackRecord.run:1689 android.view.Choreographer$CallbackRecord.run:1698 
08-18 20:23:29.786  2053  2053 I ViewRootImpl@d7c537[Toast]: Setup new sync=wmsSync-ViewRootImpl@d7c537[Toast]#83
08-18 20:23:29.786  2053  2053 I ViewRootImpl@d7c537[Toast]: Creating new active sync group ViewRootImpl@d7c537[Toast]#84
08-18 20:23:29.787  2053  2053 I ViewRootImpl@d7c537[Toast]: registerCallbacksForSync syncBuffer=false
08-18 20:23:29.790  2053  2806 I ViewRootImpl@d7c537[Toast]: Received frameDrawingCallback syncResult=0 frameNum=1.
08-18 20:23:29.790  2053  2806 I ViewRootImpl@d7c537[Toast]: mWNT: t=0xb400006dc4c28e00 mBlastBufferQueue=0xb400006dc4bc2f80 fn= 1 mRenderHdrSdrRatio=1.0 caller= android.view.ViewRootImpl$8.onFrameDraw:13841 android.view.ThreadedRenderer$1.onFrameDraw:792 <bottom of call stack> 
08-18 20:23:29.790  2053  2806 I ViewRootImpl@d7c537[Toast]: Setting up sync and frameCommitCallback
08-18 20:23:29.802  2053  2217 D BLASTBufferQueue: [ViewRootImpl@d7c537[Toast]#2239](f:0,a:0) onFrameAvailable the first frame is available
08-18 20:23:29.803  2053  2217 D BLASTBufferQueue: [ViewRootImpl@d7c537[Toast]#2239](f:0,a:1) acquireNextBufferLocked size=822x116 mFrameNumber=1 applyTransaction=true mTimestamp=316890788990425(auto) mPendingTransactions.size=0 graphicBufferId=8817567885355 transform=0
08-18 20:23:29.804  2053  2217 I ViewRootImpl@d7c537[Toast]: Received frameCommittedCallback lastAttemptedDrawFrameNum=1 didProduceBuffer=true
08-18 20:23:29.806  2053  2053 I ViewRootImpl@d7c537[Toast]: reportDrawFinished seqId=0
08-18 20:23:29.807  1519  2934 D WindowManager: finishDrawingWindow: Window{51e6de9 u0 Toast} mDrawState=DRAW_PENDING seqId=0
08-18 20:23:29.809  1519  1548 I WindowManager: Reparenting to leash, surface=Surface(name=51e6de9 Toast)/@0x903f99c, leashParent=Surface(name=WindowToken{6149ce4 type=2005 android.os.Binder@762d877})/@0x766ffa5
08-18 20:23:29.809   950  1010 E BufferQueueDebug: [Surface(name=51e6de9 Toast)/@0x903f99c - animation-leash of window_animation#40832](this:0xb4000074aa62eba0,id:-1,api:0,p:-1,c:-1) id info cannot be read from 'Surface(name=51e6de9 Toast)/@0x903f99c - animation-leash of window_animation#40832'
08-18 20:23:29.809   950  1010 I BufferQueueDebug: [Surface(name=51e6de9 Toast)/@0x903f99c - animation-leash of window_animation#40832](this:0xb4000074aa62eba0,id:-1,api:0,p:-1,c:-1) BufferQueue core=(950:/system/bin/surfaceflinger)
08-18 20:23:29.810   950  1010 I SurfaceFlinger: id=40832 createSurf, flag=24004, Surface(name=51e6de9 Toast)/@0x903f99c - animation-leash of window_animation#40832
08-18 20:23:29.811  1519  1548 D WindowManager: makeSurface duration=2 leash=Surface(name=Surface(name=51e6de9 Toast)/@0x903f99c - animation-leash of window_animation)/@0x75d4f7a
08-18 20:23:29.812  1519  1548 V WindowManager: performShowLocked: mDrawState=HAS_DRAWN in Window{51e6de9 u0 Toast}
08-18 20:23:29.824   950   950 I Layer   : Layer [Toast$_2053#40831] hidden!! flag(0)
08-18 20:23:29.863   950   950 D SurfaceFlinger:      DEVICE | 0xb4000074aa938000 | 0102 | RGBA_8888    |    0.0    0.0 1080.0 2340.0 |    0    0 1080 2340 | com.sdrradio.app/com.sdrradio.app.MainActivity$_17587#40772
08-18 20:23:29.863   950   950 D SurfaceFlinger:      DEVICE | 0xb4000074afd51fc0 | 0100 | RGBA_8888    |    0.0    0.0  822.0  116.0 |  129 2017  951 2133 | Toast$_2053#40827
08-18 20:23:29.863   950   950 D SurfaceFlinger:      DEVICE | 0xb4000074ab1aae00 | 0100 | RGBA_8888    |    0.0    0.0  822.0  116.0 |  129 2017  951 2133 | Toast$_2053#40831
08-18 20:23:30.259  1519  1548 I WindowManager: Reparenting to original parent: Surface(name=WindowToken{6c2fdaa type=2005 android.os.Binder@21ac895})/@0x241e128, destroy=true, surface=Surface(name=444dd0e Toast)/@0xd334b
08-18 20:23:30.274  1519  1548 I WindowManager: Destroying surface Surface(name=Toast$_2053)/@0xc1ae96 called by com.android.server.wm.WindowStateAnimator.destroySurface:799 com.android.server.wm.WindowStateAnimator.destroySurfaceLocked:472 com.android.server.wm.WindowState.removeImmediately:2937 com.android.server.wm.WindowState.handleCompleteDeferredRemoval:5780 com.android.server.wm.WindowContainer.handleCompleteDeferredRemoval:1476 com.android.server.wm.WindowContainer.handleCompleteDeferredRemoval:1476 com.android.server.wm.WindowContainer.handleCompleteDeferredRemoval:1476 com.android.server.wm.WindowContainer.handleCompleteDeferredRemoval:1476 
08-18 20:23:30.280   950   950 D SurfaceFlinger:      DEVICE | 0xb4000074aa938000 | 0102 | RGBA_8888    |    0.0    0.0 1080.0 2340.0 |    0    0 1080 2340 | com.sdrradio.app/com.sdrradio.app.MainActivity$_17587#40772
08-18 20:23:30.280   950   950 D SurfaceFlinger:      DEVICE | 0xb4000074ab1aae00 | 0100 | RGBA_8888    |    0.0    0.0  822.0  116.0 |  129 2017  951 2133 | Toast$_2053#40831
08-18 20:23:30.291   950   950 I Layer   : id=40826 removeFromCurrentState 444dd0e Toast#40826 (231)
08-18 20:23:30.291   950   950 I Layer   : id=40827 removeFromCurrentState Toast$_2053#40827 (231)
08-18 20:23:30.292   950   950 I Layer   : id=40829 removeFromCurrentState Surface(name=444dd0e Toast)/@0xd334b - animation-leash of window_animation#40829 (231)
08-18 20:23:30.292   950   950 I Layer   : Layer [Toast$_2053#40827] hidden!! flag(1)
08-18 20:23:30.292   950   950 I Layer   : id=40827 removeFromCurrentState Toast$_2053#40827 (231)
08-18 20:23:30.295   950   950 I SurfaceFlinger: id=40827 Removed Toast$_2053#40827 (231)
08-18 20:23:30.295   950   950 I SurfaceFlinger: id=40829 Removed Surface(name=444dd0e Toast)/@0xd334b - animation-leash of window_animation#40829 (231)
08-18 20:23:30.295   950   950 I SurfaceFlinger: id=40826 Removed 444dd0e Toast#40826 (231)
08-18 20:23:30.307   950   950 I BufferQueueDebug: [Toast$_2053#40827](this:0xb4000074aa408ba0,id:-1,api:0,p:-1,c:950) onDestructor()
08-18 20:23:30.307   950   950 I Layer   : id=40827 Destroyed Toast$_2053#40827
08-18 20:23:30.308   950   950 I BufferQueueDebug: [444dd0e Toast#40826](this:0xb4000074aa659ba0,id:-1,api:0,p:-1,c:950) onDestructor()
08-18 20:23:30.308   950   950 I Layer   : id=40826 Destroyed 444dd0e Toast#40826
08-18 20:23:30.308   950   950 I BufferQueueDebug: [Surface(name=444dd0e Toast)/@0xd334b - animation-leash of window_animation#40829](this:0xb4000074b00daba0,id:-1,api:0,p:-1,c:950) onDestructor()
08-18 20:23:30.308   950   950 I Layer   : id=40829 Destroyed Surface(name=444dd0e Toast)/@0xd334b - animation-leash of window_animation#40829
08-18 20:23:30.325  1519  1548 I WindowManager: Reparenting to original parent: Surface(name=WindowToken{6149ce4 type=2005 android.os.Binder@762d877})/@0x766ffa5, destroy=true, surface=Surface(name=51e6de9 Toast)/@0x903f99c
08-18 20:23:30.341   950   950 I Layer   : id=40832 removeFromCurrentState Surface(name=51e6de9 Toast)/@0x903f99c - animation-leash of window_animation#40832 (228)
08-18 20:23:30.344   950   950 I SurfaceFlinger: id=40832 Removed Surface(name=51e6de9 Toast)/@0x903f99c - animation-leash of window_animation#40832 (228)
08-18 20:23:30.357   950   950 I BufferQueueDebug: [Surface(name=51e6de9 Toast)/@0x903f99c - animation-leash of window_animation#40832](this:0xb4000074aa62eba0,id:-1,api:0,p:-1,c:950) onDestructor()
08-18 20:23:30.357   950   950 I Layer   : id=40832 Destroyed Surface(name=51e6de9 Toast)/@0x903f99c - animation-leash of window_animation#40832
08-18 20:23:31.001 12772 17162 W FusedLocation: mock location injection by 10406/com.just4funtools.fakegpslocationprofessional failed (not in mock mode) [CONTEXT service_id=6 ]
08-18 20:23:31.476  1519  1747 E CAE     : onGetSensorHubData(SensorHubParserProvider.java:115) - ERROR : Data field parsing error
08-18 20:23:32.309  2053  2053 I WindowManager: WindowManagerGlobal#removeView, ty=2005, view=android.widget.LinearLayout{a60f236 V.E...... ........ 0,0-822,116}, caller=android.view.WindowManagerGlobal.removeView:628 android.view.WindowManagerImpl.removeViewImmediate:208 android.widget.ToastPresenter.hide:358 
08-18 20:23:32.310  1519  2934 D CoreBackPreview: Window{51e6de9 u0 Toast}: Setting back callback null
08-18 20:23:32.312   885  1118 I hwcomposer: [DRMDEV] (0) failed to waitNextVsync: -1  
08-18 20:23:32.315  2053  2053 I ViewRootImpl@d7c537[Toast]: dispatchDetachedFromWindow
08-18 20:23:32.315  2053  2053 D BLASTBufferQueue: [ViewRootImpl@d7c537[Toast]#2239](f:0,a:1) destructor()
08-18 20:23:32.316  2053  2053 D BufferQueueConsumer: [ViewRootImpl@d7c537[Toast]#2239(BLAST Consumer)2239](id:805000008c4,api:0,p:-1,c:2053) disconnect
08-18 20:23:32.318  1519  2934 W InputManager-JNI: Input channel object '51e6de9 Toast (client)' was disposed without first being removed with the input manager!
08-18 20:23:32.319  1519  2934 V WindowManager: Remove Window{51e6de9 u0 Toast}: mSurfaceController=Surface(name=Toast$_2053)/@0x6fad707 mAnimatingExit=false mRemoveOnExit=false mHasSurface=true surfaceShowing=true animating=false app-animation=false mDisplayFrozen=false callers=com.android.server.wm.WindowManagerService.removeWindow:2148 com.android.server.wm.Session.remove:257 android.view.IWindowSession$Stub.onTransact:747 com.android.server.wm.Session.onTransact:204 android.os.Binder.execTransactInternal:1380 android.os.Binder.execTransact:1311 
08-18 20:23:32.319  1519  2934 I WindowManager: Reparenting to leash, surface=Surface(name=51e6de9 Toast)/@0x903f99c, leashParent=Surface(name=WindowToken{6149ce4 type=2005 android.os.Binder@762d877})/@0x766ffa5
08-18 20:23:32.320   885  1118 I hwcomposer: [DRMDEV] (0) failed to waitNextVsync: -1  
08-18 20:23:32.320   950  1332 E BufferQueueDebug: [Surface(name=51e6de9 Toast)/@0x903f99c - animation-leash of window_animation#40833](this:0xb4000074aa453ba0,id:-1,api:0,p:-1,c:-1) id info cannot be read from 'Surface(name=51e6de9 Toast)/@0x903f99c - animation-leash of window_animation#40833'
